Component: ARM Compiler 5.05 update 1 (build 106) Tool: armlink [4d0efa]

==============================================================================

Section Cross References

    stm32f10x.o(.ARM.__AT_0x20000000) refers (Special) to heapauxi.o(.text) for __use_two_region_memory
    stm32f10x.o(HEAP) refers (Special) to heapauxi.o(.text) for __use_two_region_memory
    stm32f10x.o(RESET) refers (Special) to heapauxi.o(.text) for __use_two_region_memory
    stm32f10x.o(RESET) refers to stm32f10x.o(.ARM.__AT_0x20000000) for __initial_sp
    stm32f10x.o(RESET) refers to stm32f10x.o(.text) for Reset_Handler
    stm32f10x.o(RESET) refers to stm32f10x_it.o(.text) for NMIException
    stm32f10x.o(RESET) refers to os_cpu_a.o(.text) for OS_CPU_PendSVHandler
    stm32f10x.o(RESET) refers to os_cpu_c.o(.text) for OS_CPU_SysTickHandler
    stm32f10x.o(STKV) refers (Special) to heapauxi.o(.text) for __use_two_region_memory
    stm32f10x.o(.text) refers (Special) to heapauxi.o(.text) for __use_two_region_memory
    stm32f10x.o(.text) refers to stm32f10x_it.o(.text) for HardFaultException
    stm32f10x.o(.text) refers to __main.o(!!!main) for __main
    stm32f10x.o(.text) refers to stm32f10x.o(STKV) for FAULT_MSG
    stm32f10x.o(.text) refers to stm32f10x.o(HEAP) for Heap_Mem
    stm32f10x.o(.text) refers to stm32f10x.o(.ARM.__AT_0x20000000) for Stack_Mem
    rtc.o(.text) refers to stm32f10x_rcc.o(.text) for RCC_APB1PeriphClockCmd
    rtc.o(.text) refers to stm32f10x_pwr.o(.text) for PWR_BackupAccessCmd
    rtc.o(.text) refers to stm32f10x_bkp.o(.text) for BKP_DeInit
    rtc.o(.text) refers to stm32f10x_rtc.o(.text) for RTC_WaitForSynchro
    rtc.o(.text) refers to misc.o(.text) for NVIC_Init
    rtc.o(.text) refers to rtc.o(.constdata) for Leap_Month_Seconds
    rtc.o(.text) refers to rtc.o(.data) for hour
    time.o(.text) refers to misc.o(.text) for NVIC_Init
    time.o(.text) refers to stm32f10x_rcc.o(.text) for RCC_APB1PeriphClockCmd
    time.o(.text) refers to stm32f10x_tim.o(.text) for TIM_ITConfig
    uart.o(.text) refers to stm32f10x_rcc.o(.text) for RCC_APB2PeriphClockCmd
    uart.o(.text) refers to stm32f10x_gpio.o(.text) for GPIO_Init
    uart.o(.text) refers to stm32f10x_usart.o(.text) for USART_Init
    uart.o(.text) refers to misc.o(.text) for NVIC_Init
    flash.o(.text) refers to os_wrap.o(.text) for docrc8
    flash.o(.text) refers to stm32f10x_flash.o(.text) for FLASH_Unlock
    delay.o(.text) refers to os_core.o(.text) for OSSchedLock
    wdg.o(.text) refers to stm32f10x_iwdg.o(.text) for IWDG_WriteAccessCmd
    led.o(.text) refers to stm32f10x_rcc.o(.text) for RCC_APB2PeriphClockCmd
    led.o(.text) refers to stm32f10x_gpio.o(.text) for GPIO_Init
    spi.o(.text) refers to stm32f10x_spi.o(.text) for SPI_I2S_GetFlagStatus
    spi.o(.text) refers to stm32f10x_rcc.o(.text) for RCC_APB2PeriphClockCmd
    spi.o(.text) refers to stm32f10x_gpio.o(.text) for GPIO_Init
    spi.o(.text) refers to spi.o(.bss) for SPI_InitStructure
    spiflash.o(.text) refers to stm32f10x_rcc.o(.text) for RCC_APB2PeriphClockCmd
    spiflash.o(.text) refers to stm32f10x_gpio.o(.text) for GPIO_Init
    spiflash.o(.text) refers to spi.o(.text) for SPI1_Init
    spiflash.o(.text) refers to delay.o(.text) for delay_us
    os_core.o(.text) refers to os_cpu_a.o(.text) for OS_CPU_SR_Save
    os_core.o(.text) refers to os_task.o(.text) for OSTaskCreate
    os_core.o(.text) refers to os_q.o(.text) for OS_QInit
    os_core.o(.text) refers to os_core.o(.data) for OSIdleCtr
    os_core.o(.text) refers to os_core.o(.bss) for OSTaskIdleStk
    os_core.o(.text) refers to os_core.o(.constdata) for OSUnMapTbl
    os_mutex.o(.text) refers to os_cpu_a.o(.text) for OS_CPU_SR_Save
    os_mutex.o(.text) refers to os_core.o(.text) for OS_EventWaitListInit
    os_mutex.o(.text) refers to os_core.o(.data) for OSIntNesting
    os_mutex.o(.text) refers to os_core.o(.bss) for OSTCBPrioTbl
    os_sem.o(.text) refers to os_cpu_a.o(.text) for OS_CPU_SR_Save
    os_sem.o(.text) refers to os_core.o(.text) for OS_EventWaitListInit
    os_sem.o(.text) refers to os_core.o(.data) for OSIntNesting
    os_task.o(.text) refers to os_cpu_a.o(.text) for OS_CPU_SR_Save
    os_task.o(.text) refers to os_core.o(.text) for OS_Sched
    os_task.o(.text) refers to os_cpu_c.o(.text) for OSTaskStkInit
    os_task.o(.text) refers to os_core.o(.bss) for OSTCBPrioTbl
    os_task.o(.text) refers to os_core.o(.data) for OSTCBCur
    os_time.o(.text) refers to os_cpu_a.o(.text) for OS_CPU_SR_Save
    os_time.o(.text) refers to os_core.o(.text) for OS_Sched
    os_time.o(.text) refers to os_core.o(.data) for OSIntNesting
    os_time.o(.text) refers to os_core.o(.bss) for OSTCBPrioTbl
    cpu_c.o(.text) refers to cpu_a.o(.text) for CPU_SR_Save
    os_cpu_a.o(.text) refers to os_core.o(.data) for OSRunning
    os_cpu_c.o(.text) refers to os_cpu_a.o(.text) for OS_CPU_SR_Save
    os_cpu_c.o(.text) refers to os_core.o(.text) for OSTimeTick
[...]
    DisplayCommSetTP_LEDBackLight            0x08007bff   Thumb Code    40  displayprotocol.o(.text)
    DisplayCommSetTP_LEDScrProLight          0x08007c27   Thumb Code    40  displayprotocol.o(.text)
    DisplayCommSetTP_LEDScrProTime           0x08007c4f   Thumb Code    30  displayprotocol.o(.text)
    DisplayCommSetCONFIG_EN                  0x08007c6d   Thumb Code    38  displayprotocol.o(.text)
    DisplayCommSetScreen                     0x08007c93   Thumb Code    10  displayprotocol.o(.text)
    DisplayCommCurveSend                     0x08007c9d   Thumb Code    32  displayprotocol.o(.text)
    DisplayCommCleanCurveSend                0x08007cbd   Thumb Code    44  displayprotocol.o(.text)
    DisplayCommSetTime                       0x08007ce9   Thumb Code    88  displayprotocol.o(.text)
    NMIException                             0x08007d41   Thumb Code     2  stm32f10x_it.o(.text)
    HardFaultException                       0x08007d43   Thumb Code    16  stm32f10x_it.o(.text)
    MemManageException                       0x08007d53   Thumb Code     4  stm32f10x_it.o(.text)
    BusFaultException                        0x08007d57   Thumb Code     4  stm32f10x_it.o(.text)
    UsageFaultException                      0x08007d5b   Thumb Code     4  stm32f10x_it.o(.text)
    DebugMonitor                             0x08007d5f   Thumb Code     2  stm32f10x_it.o(.text)
    SVCHandler                               0x08007d61   Thumb Code     2  stm32f10x_it.o(.text)
    PendSVC                                  0x08007d63   Thumb Code     2  stm32f10x_it.o(.text)
    SysTickHandler                           0x08007d65   Thumb Code     2  stm32f10x_it.o(.text)
    WWDG_IRQHandler                          0x08007d67   Thumb Code     2  stm32f10x_it.o(.text)
    PVD_IRQHandler                           0x08007d69   Thumb Code     2  stm32f10x_it.o(.text)
    TAMPER_IRQHandler                        0x08007d6b   Thumb Code     2  stm32f10x_it.o(.text)
    RTC_IRQHandler                           0x08007d6d   Thumb Code    44  stm32f10x_it.o(.text)
    FLASH_IRQHandler                         0x08007d99   Thumb Code     2  stm32f10x_it.o(.text)
    RCC_IRQHandler                           0x08007d9b   Thumb Code     2  stm32f10x_it.o(.text)
    EXTI0_IRQHandler                         0x08007d9d   Thumb Code     2  stm32f10x_it.o(.text)
    EXTI1_IRQHandler                         0x08007d9f   Thumb Code     2  stm32f10x_it.o(.text)
    EXTI2_IRQHandler                         0x08007da1   Thumb Code     2  stm32f10x_it.o(.text)
    EXTI3_IRQHandler                         0x08007da3   Thumb Code     2  stm32f10x_it.o(.text)
    EXTI4_IRQHandler                         0x08007da5   Thumb Code     2  stm32f10x_it.o(.text)
    DMA1_Channel1_IRQHandler                 0x08007da7   Thumb Code     2  stm32f10x_it.o(.text)
    DMA1_Channel2_IRQHandler                 0x08007da9   Thumb Code     2  stm32f10x_it.o(.text)
    DMA1_Channel3_IRQHandler                 0x08007dab   Thumb Code     2  stm32f10x_it.o(.text)
    DMA1_Channel4_IRQHandler                 0x08007dad   Thumb Code     2  stm32f10x_it.o(.text)
    DMA1_Channel5_IRQHandler                 0x08007daf   Thumb Code     2  stm32f10x_it.o(.text)
    DMA1_Channel6_IRQHandler                 0x08007db1   Thumb Code     2  stm32f10x_it.o(.text)
    DMA1_Channel7_IRQHandler                 0x08007db3   Thumb Code     2  stm32f10x_it.o(.text)
    ADC1_2_IRQHandler                        0x08007db5   Thumb Code     2  stm32f10x_it.o(.text)
    USB_HP_CAN1_TX_IRQHandler                0x08007db7   Thumb Code     2  stm32f10x_it.o(.text)
    USB_LP_CAN1_RX0_IRQHandler               0x08007db9   Thumb Code     2  stm32f10x_it.o(.text)
    CAN_RX1_IRQHandler                       0x08007dbb   Thumb Code     2  stm32f10x_it.o(.text)
    CAN_SCE_IRQHandler                       0x08007dbd   Thumb Code     2  stm32f10x_it.o(.text)
    EXTI9_5_IRQHandler                       0x08007dbf   Thumb Code     2  stm32f10x_it.o(.text)
    TIM1_BRK_IRQHandler                      0x08007dc1   Thumb Code     2  stm32f10x_it.o(.text)
    TIM1_UP_IRQHandler                       0x08007dc3   Thumb Code     2  stm32f10x_it.o(.text)
    TIM1_TRG_COM_IRQHandler                  0x08007dc5   Thumb Code     2  stm32f10x_it.o(.text)
    TIM1_CC_IRQHandler                       0x08007dc7   Thumb Code     2  stm32f10x_it.o(.text)
    TIM2_IRQHandler                          0x08007dc9   Thumb Code     2  stm32f10x_it.o(.text)
    TIM3_IRQHandler                          0x08007dcb   Thumb Code     2  stm32f10x_it.o(.text)
    TIM4_IRQHandler                          0x08007dcd   Thumb Code     2  stm32f10x_it.o(.text)
    I2C1_EV_IRQHandler                       0x08007dcf   Thumb Code     2  stm32f10x_it.o(.text)
    I2C1_ER_IRQHandler                       0x08007dd1   Thumb Code     2  stm32f10x_it.o(.text)
    I2C2_EV_IRQHandler                       0x08007dd3   Thumb Code     2  stm32f10x_it.o(.text)
    I2C2_ER_IRQHandler                       0x08007dd5   Thumb Code     2  stm32f10x_it.o(.text)
    SPI1_IRQHandler                          0x08007dd7   Thumb Code     2  stm32f10x_it.o(.text)
    SPI2_IRQHandler                          0x08007dd9   Thumb Code     2  stm32f10x_it.o(.text)
    USART1_IRQHandler                        0x08007ddb   Thumb Code     8  stm32f10x_it.o(.text)
    USART2_IRQHandler                        0x08007de3   Thumb Code   346  stm32f10x_it.o(.text)
    USART3_IRQHandler                        0x08007f3d   Thumb Code     8  stm32f10x_it.o(.text)
    EXTI15_10_IRQHandler                     0x08007f45   Thumb Code     2  stm32f10x_it.o(.text)
    RTCAlarm_IRQHandler                      0x08007f47   Thumb Code     2  stm32f10x_it.o(.text)
    USBWakeUp_IRQHandler                     0x08007f49   Thumb Code     2  stm32f10x_it.o(.text)
    TIM8_BRK_IRQHandler                      0x08007f4b   Thumb Code     2  stm32f10x_it.o(.text)
    TIM8_UP_IRQHandler                       0x08007f4d   Thumb Code     2  stm32f10x_it.o(.text)
    TIM8_TRG_COM_IRQHandler                  0x08007f4f   Thumb Code     2  stm32f10x_it.o(.text)
    TIM8_CC_IRQHandler                       0x08007f51   Thumb Code     2  stm32f10x_it.o(.text)
    ADC3_IRQHandler                          0x08007f53   Thumb Code     2  stm32f10x_it.o(.text)
    FSMC_IRQHandler                          0x08007f55   Thumb Code     2  stm32f10x_it.o(.text)
    SDIO_IRQHandler                          0x08007f57   Thumb Code     2  stm32f10x_it.o(.text)
    TIM5_IRQHandler                          0x08007f59   Thumb Code     2  stm32f10x_it.o(.text)
    SPI3_IRQHandler                          0x08007f5b   Thumb Code     2  stm32f10x_it.o(.text)
    UART4_IRQHandler                         0x08007f5d   Thumb Code    70  stm32f10x_it.o(.text)
    UART5_IRQHandler                         0x08007fa3   Thumb Code     2  stm32f10x_it.o(.text)
    TIM6_IRQHandler                          0x08007fa5   Thumb Code     2  stm32f10x_it.o(.text)
    TIM7_IRQHandler                          0x08007fa7   Thumb Code     2  stm32f10x_it.o(.text)
    DMA2_Channel1_IRQHandler                 0x08007fa9   Thumb Code     2  stm32f10x_it.o(.text)
    DMA2_Channel2_IRQHandler                 0x08007fab   Thumb Code     2  stm32f10x_it.o(.text)
    DMA2_Channel3_IRQHandler                 0x08007fad   Thumb Code     2  stm32f10x_it.o(.text)
    DMA2_Channel4_5_IRQHandler               0x08007faf   Thumb Code     2  stm32f10x_it.o(.text)
    NVIC_PriorityGroupConfig                 0x08007fdd   Thumb Code    10  misc.o(.text)
    NVIC_Init                                0x08007fe7   Thumb Code   100  misc.o(.text)
    NVIC_SetVectorTable                      0x0800804b   Thumb Code    14  misc.o(.text)
    NVIC_SystemLPConfig                      0x08008059   Thumb Code    34  misc.o(.text)
    SysTick_CLKSourceConfig                  0x0800807b   Thumb Code    40  misc.o(.text)
    BKP_DeInit                               0x080080b9   Thumb Code    16  stm32f10x_bkp.o(.text)
    BKP_TamperPinLevelConfig                 0x080080c9   Thumb Code     6  stm32f10x_bkp.o(.text)
    BKP_TamperPinCmd                         0x080080cf   Thumb Code     8  stm32f10x_bkp.o(.text)
    BKP_ITConfig                             0x080080d7   Thumb Code     8  stm32f10x_bkp.o(.text)
    BKP_RTCOutputConfig                      0x080080df   Thumb Code    22  stm32f10x_bkp.o(.text)
    BKP_SetRTCCalibrationValue               0x080080f5   Thumb Code    22  stm32f10x_bkp.o(.text)
    BKP_WriteBackupRegister                  0x0800810b   Thumb Code    24  stm32f10x_bkp.o(.text)
    BKP_ReadBackupRegister                   0x08008123   Thumb Code    26  stm32f10x_bkp.o(.text)
    BKP_GetFlagStatus                        0x0800813d   Thumb Code    10  stm32f10x_bkp.o(.text)
    BKP_ClearFlag                            0x08008147   Thumb Code    18  stm32f10x_bkp.o(.text)
    BKP_GetITStatus                          0x08008159   Thumb Code    10  stm32f10x_bkp.o(.text)
    BKP_ClearITPendingBit                    0x08008163   Thumb Code    18  stm32f10x_bkp.o(.text)
    FLASH_SetLatency                         0x0800817d   Thumb Code    18  stm32f10x_flash.o(.text)
    FLASH_HalfCycleAccessCmd                 0x0800818f   Thumb Code    22  stm32f10x_flash.o(.text)
    FLASH_PrefetchBufferCmd                  0x080081a5   Thumb Code    22  stm32f10x_flash.o(.text)
    FLASH_Unlock                             0x080081bb   Thumb Code    12  stm32f10x_flash.o(.text)
    FLASH_UnlockBank1                        0x080081c7   Thumb Code    12  stm32f10x_flash.o(.text)
    FLASH_Lock                               0x080081d3   Thumb Code    14  stm32f10x_flash.o(.text)
    FLASH_LockBank1                          0x080081e1   Thumb Code    14  stm32f10x_flash.o(.text)
    FLASH_GetBank1Status                     0x080081ef   Thumb Code    48  stm32f10x_flash.o(.text)
    FLASH_WaitForLastOperation               0x0800821f   Thumb Code    38  stm32f10x_flash.o(.text)
    FLASH_ErasePage                          0x08008245   Thumb Code    72  stm32f10x_flash.o(.text)
    FLASH_EraseAllPages                      0x0800828d   Thumb Code    68  stm32f10x_flash.o(.text)
    FLASH_WaitForLastBank1Operation          0x080082d1   Thumb Code    38  stm32f10x_flash.o(.text)
    FLASH_EraseAllBank1Pages                 0x080082f7   Thumb Code    68  stm32f10x_flash.o(.text)
    FLASH_GetReadOutProtectionStatus         0x0800833b   Thumb Code    20  stm32f10x_flash.o(.text)
    FLASH_EraseOptionBytes                   0x0800834f   Thumb Code   150  stm32f10x_flash.o(.text)
    FLASH_ProgramWord                        0x080083e5   Thumb Code   102  stm32f10x_flash.o(.text)
    FLASH_ProgramHalfWord                    0x0800844b   Thumb Code    60  stm32f10x_flash.o(.text)
    FLASH_ProgramOptionByteData              0x08008487   Thumb Code    72  stm32f10x_flash.o(.text)
    FLASH_EnableWriteProtection              0x080084cf   Thumb Code   200  stm32f10x_flash.o(.text)
    FLASH_ReadOutProtection                  0x08008597   Thumb Code   156  stm32f10x_flash.o(.text)
    FLASH_UserOptionByteConfig               0x08008633   Thumb Code    88  stm32f10x_flash.o(.text)
    FLASH_GetUserOptionByte                  0x0800868b   Thumb Code     8  stm32f10x_flash.o(.text)
    FLASH_GetWriteProtectionOptionByte       0x08008693   Thumb Code     6  stm32f10x_flash.o(.text)
    FLASH_GetPrefetchBufferStatus            0x08008699   Thumb Code    20  stm32f10x_flash.o(.text)
    FLASH_ITConfig                           0x080086ad   Thumb Code    26  stm32f10x_flash.o(.text)
    FLASH_GetFlagStatus                      0x080086c7   Thumb Code    42  stm32f10x_flash.o(.text)
    FLASH_ClearFlag                          0x080086f1   Thumb Code     6  stm32f10x_flash.o(.text)
    FLASH_GetStatus                          0x080086f7   Thumb Code    48  stm32f10x_flash.o(.text)
    GPIO_DeInit                              0x08008739   Thumb Code   172  stm32f10x_gpio.o(.text)
    GPIO_AFIODeInit                          0x080087e5   Thumb Code    20  stm32f10x_gpio.o(.text)
    GPIO_Init                                0x080087f9   Thumb Code   278  stm32f10x_gpio.o(.text)
    GPIO_StructInit                          0x0800890f   Thumb Code    16  stm32f10x_gpio.o(.text)
    GPIO_ReadInputDataBit                    0x0800891f   Thumb Code    18  stm32f10x_gpio.o(.text)
    GPIO_ReadInputData                       0x08008931   Thumb Code     8  stm32f10x_gpio.o(.text)
    GPIO_ReadOutputDataBit                   0x08008939   Thumb Code    18  stm32f10x_gpio.o(.text)
    GPIO_ReadOutputData                      0x0800894b   Thumb Code     8  stm32f10x_gpio.o(.text)
    GPIO_SetBits                             0x08008953   Thumb Code     4  stm32f10x_gpio.o(.text)
    GPIO_ResetBits                           0x08008957   Thumb Code     4  stm32f10x_gpio.o(.text)
    GPIO_WriteBit                            0x0800895b   Thumb Code    10  stm32f10x_gpio.o(.text)
    GPIO_Write                               0x08008965   Thumb Code     4  stm32f10x_gpio.o(.text)
    GPIO_PinLockConfig                       0x08008969   Thumb Code    18  stm32f10x_gpio.o(.text)
    GPIO_EventOutputConfig                   0x0800897b   Thumb Code    26  stm32f10x_gpio.o(.text)
    GPIO_EventOutputCmd                      0x08008995   Thumb Code     6  stm32f10x_gpio.o(.text)
    GPIO_PinRemapConfig                      0x0800899b   Thumb Code   138  stm32f10x_gpio.o(.text)
    GPIO_EXTILineConfig                      0x08008a25   Thumb Code    66  stm32f10x_gpio.o(.text)
    GPIO_ETH_MediaInterfaceConfig            0x08008a67   Thumb Code     8  stm32f10x_gpio.o(.text)
    PWR_DeInit                               0x08008a95   Thumb Code    22  stm32f10x_pwr.o(.text)
    PWR_BackupAccessCmd                      0x08008aab   Thumb Code     6  stm32f10x_pwr.o(.text)
    PWR_PVDCmd                               0x08008ab1   Thumb Code     6  stm32f10x_pwr.o(.text)
    PWR_PVDLevelConfig                       0x08008ab7   Thumb Code    18  stm32f10x_pwr.o(.text)
    PWR_WakeUpPinCmd                         0x08008ac9   Thumb Code     8  stm32f10x_pwr.o(.text)
    PWR_EnterSTOPMode                        0x08008ad1   Thumb Code    54  stm32f10x_pwr.o(.text)
    PWR_EnterSTANDBYMode                     0x08008b07   Thumb Code    42  stm32f10x_pwr.o(.text)
    PWR_GetFlagStatus                        0x08008b31   Thumb Code    20  stm32f10x_pwr.o(.text)
    PWR_ClearFlag                            0x08008b45   Thumb Code    14  stm32f10x_pwr.o(.text)
    RCC_DeInit                               0x08008b61   Thumb Code    64  stm32f10x_rcc.o(.text)
    RCC_HSEConfig                            0x08008ba1   Thumb Code    70  stm32f10x_rcc.o(.text)
    RCC_GetFlagStatus                        0x08008be7   Thumb Code    56  stm32f10x_rcc.o(.text)
    RCC_WaitForHSEStartUp                    0x08008c1f   Thumb Code    56  stm32f10x_rcc.o(.text)
    RCC_AdjustHSICalibrationValue            0x08008c57   Thumb Code    20  stm32f10x_rcc.o(.text)
    RCC_HSICmd                               0x08008c6b   Thumb Code     6  stm32f10x_rcc.o(.text)
    RCC_PLLConfig                            0x08008c71   Thumb Code    24  stm32f10x_rcc.o(.text)
    RCC_PLLCmd                               0x08008c89   Thumb Code     6  stm32f10x_rcc.o(.text)
    RCC_SYSCLKConfig                         0x08008c8f   Thumb Code    18  stm32f10x_rcc.o(.text)
    RCC_GetSYSCLKSource                      0x08008ca1   Thumb Code    10  stm32f10x_rcc.o(.text)
    RCC_HCLKConfig                           0x08008cab   Thumb Code    18  stm32f10x_rcc.o(.text)
    RCC_PCLK1Config                          0x08008cbd   Thumb Code    18  stm32f10x_rcc.o(.text)
    RCC_PCLK2Config                          0x08008ccf   Thumb Code    20  stm32f10x_rcc.o(.text)
    RCC_ITConfig                             0x08008ce3   Thumb Code    26  stm32f10x_rcc.o(.text)
    RCC_USBCLKConfig                         0x08008cfd   Thumb Code     8  stm32f10x_rcc.o(.text)
    RCC_ADCCLKConfig                         0x08008d05   Thumb Code    18  stm32f10x_rcc.o(.text)
    RCC_LSEConfig                            0x08008d17   Thumb Code    50  stm32f10x_rcc.o(.text)
    RCC_LSICmd                               0x08008d49   Thumb Code     6  stm32f10x_rcc.o(.text)
    RCC_RTCCLKConfig                         0x08008d4f   Thumb Code    12  stm32f10x_rcc.o(.text)
    RCC_RTCCLKCmd                            0x08008d5b   Thumb Code     8  stm32f10x_rcc.o(.text)
    RCC_GetClocksFreq                        0x08008d63   Thumb Code   192  stm32f10x_rcc.o(.text)
    RCC_AHBPeriphClockCmd                    0x08008e23   Thumb Code    26  stm32f10x_rcc.o(.text)
    RCC_APB2PeriphClockCmd                   0x08008e3d   Thumb Code    26  stm32f10x_rcc.o(.text)
    RCC_APB1PeriphClockCmd                   0x08008e57   Thumb Code    26  stm32f10x_rcc.o(.text)
    RCC_APB2PeriphResetCmd                   0x08008e71   Thumb Code    26  stm32f10x_rcc.o(.text)
    RCC_APB1PeriphResetCmd                   0x08008e8b   Thumb Code    26  stm32f10x_rcc.o(.text)
    RCC_BackupResetCmd                       0x08008ea5   Thumb Code     8  stm32f10x_rcc.o(.text)
    RCC_ClockSecuritySystemCmd               0x08008ead   Thumb Code     6  stm32f10x_rcc.o(.text)
    RCC_MCOConfig                            0x08008eb3   Thumb Code     6  stm32f10x_rcc.o(.text)
    RCC_ClearFlag                            0x08008eb9   Thumb Code    14  stm32f10x_rcc.o(.text)
    RCC_GetITStatus                          0x08008ec7   Thumb Code    20  stm32f10x_rcc.o(.text)
    RCC_ClearITPendingBit                    0x08008edb   Thumb Code     6  stm32f10x_rcc.o(.text)
    RTC_ITConfig                             0x08008f05   Thumb Code    26  stm32f10x_rtc.o(.text)
    RTC_EnterConfigMode                      0x08008f1f   Thumb Code    18  stm32f10x_rtc.o(.text)
    RTC_ExitConfigMode                       0x08008f31   Thumb Code    20  stm32f10x_rtc.o(.text)
    RTC_GetCounter                           0x08008f45   Thumb Code    18  stm32f10x_rtc.o(.text)
    RTC_SetCounter                           0x08008f57   Thumb Code    26  stm32f10x_rtc.o(.text)
    RTC_SetPrescaler                         0x08008f71   Thumb Code    28  stm32f10x_rtc.o(.text)
    RTC_SetAlarm                             0x08008f8d   Thumb Code    26  stm32f10x_rtc.o(.text)
    RTC_GetDivider                           0x08008fa7   Thumb Code    22  stm32f10x_rtc.o(.text)
    RTC_WaitForLastTask                      0x08008fbd   Thumb Code    18  stm32f10x_rtc.o(.text)
    RTC_WaitForSynchro                       0x08008fcf   Thumb Code    36  stm32f10x_rtc.o(.text)
    RTC_GetFlagStatus                        0x08008ff3   Thumb Code    22  stm32f10x_rtc.o(.text)
    RTC_ClearFlag                            0x08009009   Thumb Code    16  stm32f10x_rtc.o(.text)
    RTC_GetITStatus                          0x08009019   Thumb Code    32  stm32f10x_rtc.o(.text)
    RTC_ClearITPendingBit                    0x08009039   Thumb Code    16  stm32f10x_rtc.o(.text)
    SPI_I2S_DeInit                           0x0800904d   Thumb Code    76  stm32f10x_spi.o(.text)
    SPI_Init                                 0x08009099   Thumb Code    60  stm32f10x_spi.o(.text)
    I2S_Init                                 0x080090d5   Thumb Code   226  stm32f10x_spi.o(.text)
    SPI_StructInit                           0x080091b7   Thumb Code    24  stm32f10x_spi.o(.text)
    I2S_StructInit                           0x080091cf   Thumb Code    20  stm32f10x_spi.o(.text)
    SPI_Cmd                                  0x080091e3   Thumb Code    24  stm32f10x_spi.o(.text)
    I2S_Cmd                                  0x080091fb   Thumb Code    24  stm32f10x_spi.o(.text)
    SPI_I2S_ITConfig                         0x08009213   Thumb Code    32  stm32f10x_spi.o(.text)
    SPI_I2S_DMACmd                           0x08009233   Thumb Code    18  stm32f10x_spi.o(.text)
    SPI_I2S_SendData                         0x08009245   Thumb Code     4  stm32f10x_spi.o(.text)
    SPI_I2S_ReceiveData                      0x08009249   Thumb Code     6  stm32f10x_spi.o(.text)
    SPI_NSSInternalSoftwareConfig            0x0800924f   Thumb Code    30  stm32f10x_spi.o(.text)
    SPI_SSOutputCmd                          0x0800926d   Thumb Code    24  stm32f10x_spi.o(.text)
    SPI_DataSizeConfig                       0x08009285   Thumb Code    18  stm32f10x_spi.o(.text)
    SPI_TransmitCRC                          0x08009297   Thumb Code    10  stm32f10x_spi.o(.text)
    SPI_CalculateCRC                         0x080092a1   Thumb Code    24  stm32f10x_spi.o(.text)
    SPI_GetCRC                               0x080092b9   Thumb Code    16  stm32f10x_spi.o(.text)
    SPI_GetCRCPolynomial                     0x080092c9   Thumb Code     6  stm32f10x_spi.o(.text)
    SPI_BiDirectionalLineConfig              0x080092cf   Thumb Code    28  stm32f10x_spi.o(.text)
    SPI_I2S_GetFlagStatus                    0x080092eb   Thumb Code    18  stm32f10x_spi.o(.text)
    SPI_I2S_ClearFlag                        0x080092fd   Thumb Code     6  stm32f10x_spi.o(.text)
    SPI_I2S_GetITStatus                      0x08009303   Thumb Code    52  stm32f10x_spi.o(.text)
    SPI_I2S_ClearITPendingBit                0x08009337   Thumb Code    20  stm32f10x_spi.o(.text)
    USART_DeInit                             0x08009359   Thumb Code   134  stm32f10x_usart.o(.text)
    USART_Init                               0x080093df   Thumb Code   210  stm32f10x_usart.o(.text)
    USART_StructInit                         0x080094b1   Thumb Code    24  stm32f10x_usart.o(.text)
    USART_ClockInit                          0x080094c9   Thumb Code    34  stm32f10x_usart.o(.text)
    USART_ClockStructInit                    0x080094eb   Thumb Code    12  stm32f10x_usart.o(.text)
    USART_Cmd                                0x080094f7   Thumb Code    24  stm32f10x_usart.o(.text)
    USART_ITConfig                           0x0800950f   Thumb Code    74  stm32f10x_usart.o(.text)
    USART_DMACmd                             0x08009559   Thumb Code    18  stm32f10x_usart.o(.text)
    USART_SetAddress                         0x0800956b   Thumb Code    18  stm32f10x_usart.o(.text)
    USART_WakeUpConfig                       0x0800957d   Thumb Code    18  stm32f10x_usart.o(.text)
    USART_ReceiverWakeUpCmd                  0x0800958f   Thumb Code    24  stm32f10x_usart.o(.text)
    USART_LINBreakDetectLengthConfig         0x080095a7   Thumb Code    18  stm32f10x_usart.o(.text)
    USART_LINCmd                             0x080095b9   Thumb Code    24  stm32f10x_usart.o(.text)
    USART_SendData                           0x080095d1   Thumb Code     8  stm32f10x_usart.o(.text)
    USART_ReceiveData                        0x080095d9   Thumb Code    10  stm32f10x_usart.o(.text)
    USART_SendBreak                          0x080095e3   Thumb Code    10  stm32f10x_usart.o(.text)
    USART_SetGuardTime                       0x080095ed   Thumb Code    16  stm32f10x_usart.o(.text)
    USART_SetPrescaler                       0x080095fd   Thumb Code    16  stm32f10x_usart.o(.text)
    USART_SmartCardCmd                       0x0800960d   Thumb Code    24  stm32f10x_usart.o(.text)
    USART_SmartCardNACKCmd                   0x08009625   Thumb Code    24  stm32f10x_usart.o(.text)
    USART_HalfDuplexCmd                      0x0800963d   Thumb Code    24  stm32f10x_usart.o(.text)
    USART_OverSampling8Cmd                   0x08009655   Thumb Code    22  stm32f10x_usart.o(.text)
    USART_OneBitMethodCmd                    0x0800966b   Thumb Code    24  stm32f10x_usart.o(.text)
    USART_IrDAConfig                         0x08009683   Thumb Code    18  stm32f10x_usart.o(.text)
    USART_IrDACmd                            0x08009695   Thumb Code    24  stm32f10x_usart.o(.text)
    USART_GetFlagStatus                      0x080096ad   Thumb Code    26  stm32f10x_usart.o(.text)
    USART_ClearFlag                          0x080096c7   Thumb Code    18  stm32f10x_usart.o(.text)
    USART_GetITStatus                        0x080096d9   Thumb Code    84  stm32f10x_usart.o(.text)
    USART_ClearITPendingBit                  0x0800972d   Thumb Code    52  stm32f10x_usart.o(.text)
    IWDG_WriteAccessCmd                      0x08009761   Thumb Code     6  stm32f10x_iwdg.o(.text)
    IWDG_SetPrescaler                        0x08009767   Thumb Code     6  stm32f10x_iwdg.o(.text)
    IWDG_SetReload                           0x0800976d   Thumb Code     6  stm32f10x_iwdg.o(.text)
    IWDG_ReloadCounter                       0x08009773   Thumb Code    10  stm32f10x_iwdg.o(.text)
    IWDG_Enable                              0x0800977d   Thumb Code    10  stm32f10x_iwdg.o(.text)
    IWDG_GetFlagStatus                       0x08009787   Thumb Code    20  stm32f10x_iwdg.o(.text)
    DebugHeap                                0x080097a1   Thumb Code    46  os_wrap.o(.text)
    QS_HeapInit                              0x080097cf   Thumb Code   146  os_wrap.o(.text)
    OS_WrapInit                              0x08009861   Thumb Code    62  os_wrap.o(.text)
    OS_StartRun                              0x0800989f   Thumb Code    14  os_wrap.o(.text)
    OS_MemSet                                0x080098ad   Thumb Code    26  os_wrap.o(.text)
    QS_Mallco                                0x0800999d   Thumb Code   222  os_wrap.o(.text)
    OS_TaskCreate                            0x08009a7b   Thumb Code   168  os_wrap.o(.text)
    OS_TaskStkCheck                          0x08009b23   Thumb Code    92  os_wrap.o(.text)
    OS_TaskDelete                            0x08009b7f   Thumb Code    38  os_wrap.o(.text)
    OS_TaskDelay                             0x08009ba5   Thumb Code    12  os_wrap.o(.text)
    OS_TaskDelayMs                           0x08009bb1   Thumb Code    20  os_wrap.o(.text)
    OS_TaskSuspend                           0x08009bc5   Thumb Code    12  os_wrap.o(.text)
    OS_TaskResume                            0x08009bd1   Thumb Code    12  os_wrap.o(.text)
    QS_Free                                  0x08009ce3   Thumb Code   104  os_wrap.o(.text)
    QMBMemCreat                              0x08009d4b   Thumb Code   128  os_wrap.o(.text)
    QMBMemGet                                0x08009dcb   Thumb Code    56  os_wrap.o(.text)
    QMBMemPut                                0x08009e03   Thumb Code    62  os_wrap.o(.text)
    OS_MsgBoxCreate                          0x08009e41   Thumb Code   138  os_wrap.o(.text)
    OS_MemCpy                                0x08009ecb   Thumb Code    30  os_wrap.o(.text)
    OS_MsgBoxSend                            0x08009ee9   Thumb Code   174  os_wrap.o(.text)
    OS_MsgBoxSend_Ex                         0x08009f97   Thumb Code   228  os_wrap.o(.text)
    OS_MsgBoxReceive                         0x0800a07b   Thumb Code   110  os_wrap.o(.text)
    OS_MsgBoxReceive_Ex                      0x0800a0e9   Thumb Code   146  os_wrap.o(.text)
    OS_SemaphoreCreate                       0x0800a17b   Thumb Code    22  os_wrap.o(.text)
    OS_SemaphoreTake                         0x0800a191   Thumb Code    72  os_wrap.o(.text)
    OS_SemaphoreGive                         0x0800a1d9   Thumb Code    14  os_wrap.o(.text)
    OS_MutexCreate                           0x0800a1e7   Thumb Code    26  os_wrap.o(.text)
    OS_MutexTake                             0x0800a201   Thumb Code    22  os_wrap.o(.text)
    OS_MutexGive                             0x0800a217   Thumb Code    12  os_wrap.o(.text)
    OS_GetCurrentTick                        0x0800a223   Thumb Code     8  os_wrap.o(.text)
    OS_GetCurrentSysMs                       0x0800a22b   Thumb Code    12  os_wrap.o(.text)
    QS_MonitorFragment                       0x0800a237   Thumb Code    94  os_wrap.o(.text)
    QS_HeapArrange                           0x0800a295   Thumb Code     4  os_wrap.o(.text)
    IntToStr                                 0x0800a299   Thumb Code    88  os_wrap.o(.text)
    IpToStr                                  0x0800a2f1   Thumb Code    64  os_wrap.o(.text)
    StrToInt                                 0x0800a331   Thumb Code    32  os_wrap.o(.text)
    FloatToInt                               0x0800a351   Thumb Code   104  os_wrap.o(.text)
    OS_MemCpy2                               0x0800a3b9   Thumb Code    30  os_wrap.o(.text)
    CompareBuf                               0x0800a3d7   Thumb Code    54  os_wrap.o(.text)
    DisplayBuf                               0x0800a40d   Thumb Code     2  os_wrap.o(.text)
    Rev16                                    0x0800a42b   Thumb Code    14  os_wrap.o(.text)
    Rev32                                    0x0800a439   Thumb Code     6  os_wrap.o(.text)
    GetHwID                                  0x0800a43f   Thumb Code    32  os_wrap.o(.text)
    docrc8                                   0x0800a45f   Thumb Code    24  os_wrap.o(.text)
    DisplayParaInit                          0x0800a485   Thumb Code    10  displaypara.o(.text)
    DisplayPageJump                          0x0800a48f   Thumb Code   156  displaypara.o(.text)
    DisplayPageDealProcess                   0x0800a52b   Thumb Code   322  displaypara.o(.text)
    DisplayLastPageJumpAfterDeal             0x0800a66d   Thumb Code    22  displaypara.o(.text)
    DisplayCurrentPageJumpBeforeDeal         0x0800a683   Thumb Code    22  displaypara.o(.text)
    DisplayParaDealProcess                   0x0800a699   Thumb Code   210  displaypara.o(.text)
    S1S2ParaInit                             0x0800a775   Thumb Code     2  parasettinglib.o(.text)
    ParaDelayParaRead                        0x0800a777   Thumb Code    16  parasettinglib.o(.text)
    ParaLinkParaRead                         0x0800a787   Thumb Code    18  parasettinglib.o(.text)
    ParaPathParaRead                         0x0800a799   Thumb Code    18  parasettinglib.o(.text)
    ParaDelayParaSave                        0x0800a7ab   Thumb Code    16  parasettinglib.o(.text)
    ParaLinkParaSave                         0x0800a7bb   Thumb Code    18  parasettinglib.o(.text)
    ParaPathParaSave                         0x0800a7cd   Thumb Code    18  parasettinglib.o(.text)
    ParaMassStorageInit                      0x0800a7fb   Thumb Code   244  parasettinglib.o(.text)
    ParaSettingLibInit                       0x0800a8ef   Thumb Code    30  parasettinglib.o(.text)
    ScrInfGet                                0x0800a90d   Thumb Code     4  parasettinglib.o(.text)
    ParaSettingSendData                      0x0800a911   Thumb Code    58  parasettinglib.o(.text)
    WirlessParaGet                           0x0800a94b   Thumb Code     4  parasettinglib.o(.text)
    AllTheControlParaGet                     0x0800a94f   Thumb Code    26  parasettinglib.o(.text)
    ControlPareState                         0x0800a969   Thumb Code  1408  parasettinglib.o(.text)
    FoodLineTimeGet                          0x0800aee9   Thumb Code    10  parasettinglib.o(.text)
    PathTrav                                 0x0800aef3   Thumb Code    74  parasettinglib.o(.text)
    IndexTrav                                0x0800af3d   Thumb Code    74  parasettinglib.o(.text)
    PathParameterGet                         0x0800af87   Thumb Code     4  parasettinglib.o(.text)
    LinkParameterGet                         0x0800af8b   Thumb Code     4  parasettinglib.o(.text)
    RcDeviceParaGet                          0x0800af8f   Thumb Code     4  parasettinglib.o(.text)
    ReadPathGet                              0x0800af93   Thumb Code     4  parasettinglib.o(.text)
    FoodlineDeviceParaGet                    0x0800af97   Thumb Code     4  parasettinglib.o(.text)
    FoodlineControlGet                       0x0800af9b   Thumb Code     4  parasettinglib.o(.text)
    SwitchValveControlGet                    0x0800af9f   Thumb Code     4  parasettinglib.o(.text)
    SwitchValveParaGet                       0x0800afa3   Thumb Code     4  parasettinglib.o(.text)
    TowersOutControlGet                      0x0800afa7   Thumb Code     4  parasettinglib.o(.text)
    TowersOutDeviceParaGet                   0x0800afab   Thumb Code     4  parasettinglib.o(.text)
    PageXIdSet                               0x0800afaf   Thumb Code    10  parasettinglib.o(.text)
    PageXIdGet                               0x0800afb9   Thumb Code     4  parasettinglib.o(.text)
    ParaRefreshGet                           0x0800afbd   Thumb Code     4  parasettinglib.o(.text)
    ParaAnswer                               0x0800afc1   Thumb Code    50  parasettinglib.o(.text)
    SeqMapInit                               0x0800b029   Thumb Code    30  foodlinecontrol.o(.text)
    PutSeqInMap                              0x0800b047   Thumb Code    30  foodlinecontrol.o(.text)
    IsSeqInMap                               0x0800b065   Thumb Code    30  foodlinecontrol.o(.text)
    DeviceControlParaGet                     0x0800b083   Thumb Code     4  foodlinecontrol.o(.text)
    ControlMsgBoxInit                        0x0800b087   Thumb Code    84  foodlinecontrol.o(.text)
    StateMachine_Task                        0x0800b0db   Thumb Code    12  foodlinecontrol.o(.text)
    SendTypeInquire                          0x0800b4b3   Thumb Code    18  foodlinecontrol.o(.text)
    SingleDeviceStop                         0x0800b4c5   Thumb Code    26  foodlinecontrol.o(.text)
    DeviceStopStateInquire                   0x0800b4df   Thumb Code   244  foodlinecontrol.o(.text)
    SingleDeviceControl                      0x0800b5d3   Thumb Code    40  foodlinecontrol.o(.text)
    DeviceControlStateInquire                0x0800b5fb   Thumb Code   676  foodlinecontrol.o(.text)
    DeviceControlAndInquire                  0x0800baf1   Thumb Code   452  foodlinecontrol.o(.text)
    DeviceStopAndInquire                     0x0800bcf3   Thumb Code   574  foodlinecontrol.o(.text)
    DeviceShutdown                           0x0800bf31   Thumb Code   258  foodlinecontrol.o(.text)
    StateMachineInit                         0x0800c69f   Thumb Code    26  statemachine.o(.text)
    StateMachineProcess                      0x0800c6b9   Thumb Code    26  statemachine.o(.text)
    Page2PathConfigTurn                      0x0800c715   Thumb Code    96  page2pathconfig.o(.text)
    Page2PathConfigInit                      0x0800c775   Thumb Code    54  page2pathconfig.o(.text)
    Page2PathSendPath                        0x0800c7ab   Thumb Code   414  page2pathconfig.o(.text)
    Page2PathSavePath                        0x0800c949   Thumb Code   304  page2pathconfig.o(.text)
    Page2PathConfigInsert                    0x0800ca79   Thumb Code   104  page2pathconfig.o(.text)
    Page2PathConfigDelete                    0x0800cae1   Thumb Code   120  page2pathconfig.o(.text)
    Page2PathConfigRefresh                   0x0800cb59   Thumb Code   378  page2pathconfig.o(.text)
    Page2PathConfigProcess                   0x0800ccd3   Thumb Code   548  page2pathconfig.o(.text)
    Page1Convert                             0x0800cf09   Thumb Code    38  page1flinepathconfig.o(.text)
    Page1FlinePathConfigInit                 0x0800cf2f   Thumb Code     2  page1flinepathconfig.o(.text)
    Page1FlineSendPath                       0x0800cf31   Thumb Code   162  page1flinepathconfig.o(.text)
    Page1FlinePathConfigProcess              0x0800cfd3   Thumb Code   166  page1flinepathconfig.o(.text)
    Page1FlinePathConfigRefresh              0x0800d079   Thumb Code   150  page1flinepathconfig.o(.text)
    Page3FoodlineDeviceInquiry               0x0800d125   Thumb Code   210  page3flinedevice.o(.text)
    Page3FoodlineDeviceSend                  0x0800d1f7   Thumb Code   476  page3flinedevice.o(.text)
    Page3FlineDeviceRefresh                  0x0800d3d3   Thumb Code   388  page3flinedevice.o(.text)
    Page3FlineDeviceInit                     0x0800d557   Thumb Code    44  page3flinedevice.o(.text)
    Page3FlineDeviceProcess                  0x0800d583   Thumb Code   708  page3flinedevice.o(.text)
    Page5ReviseSend                          0x0800d859   Thumb Code   110  page5revise.o(.text)
    Page5ReviseInit                          0x0800d8c7   Thumb Code    50  page5revise.o(.text)
    Page5ReviseProcess                       0x0800d8f9   Thumb Code   328  page5revise.o(.text)
    Page5ReviseRefresh                       0x0800da41   Thumb Code   330  page5revise.o(.text)
    Page6PathConfigTurn                      0x0800dba1   Thumb Code    96  page6readpathconfig.o(.text)
    Page6PathConfigInit                      0x0800dc01   Thumb Code    72  page6readpathconfig.o(.text)
    Page6PathSendPath                        0x0800dc49   Thumb Code   232  page6readpathconfig.o(.text)
    Page6PathConfigProcess                   0x0800dd31   Thumb Code   316  page6readpathconfig.o(.text)
    Page6PathConfigRefresh                   0x0800de6d   Thumb Code   368  page6readpathconfig.o(.text)
    Page7ControlFlineInit                    0x0800dfdd   Thumb Code    46  page7controlfline.o(.text)
    Page7ControlSend                         0x0800e00b   Thumb Code   292  page7controlfline.o(.text)
    Page7ControlAsk                          0x0800e12f   Thumb Code   210  page7controlfline.o(.text)
    Page7ControlFlineProcess                 0x0800e201   Thumb Code   206  page7controlfline.o(.text)
    Page7ControlFlineRefresh                 0x0800e2cf   Thumb Code   442  page7controlfline.o(.text)
    Page8SwitchValveInit                     0x0800e48d   Thumb Code    46  page8switchvalve.o(.text)
    Page8ControlSend                         0x0800e4bb   Thumb Code   230  page8switchvalve.o(.text)
    Page8ControlAsk                          0x0800e5a1   Thumb Code   210  page8switchvalve.o(.text)
    Page8SwitchValveProcess                  0x0800e673   Thumb Code   178  page8switchvalve.o(.text)
    Page8SwitchValveRefresh                  0x0800e725   Thumb Code   292  page8switchvalve.o(.text)
    Page9SwitchValveConfigInquiry            0x0800e85d   Thumb Code   210  page9switchvalveconfig.o(.text)
    Page9SwitchValveConfigSend               0x0800e92f   Thumb Code   292  page9switchvalveconfig.o(.text)
    Page9SwitchValveConfigRefresh            0x0800ea53   Thumb Code   178  page9switchvalveconfig.o(.text)
    Page9SwitchValveConfigInit               0x0800eb05   Thumb Code    44  page9switchvalveconfig.o(.text)
    Page9SwitchValveConfigProcess            0x0800eb31   Thumb Code   320  page9switchvalveconfig.o(.text)
    Page10TowersOutInit                      0x0800ec71   Thumb Code    46  page10towersout.o(.text)
    Page10ControlSend                        0x0800ec9f   Thumb Code   272  page10towersout.o(.text)
    Page10ControlAsk                         0x0800edaf   Thumb Code   210  page10towersout.o(.text)
    Page10TowersOutProcess                   0x0800ee81   Thumb Code   192  page10towersout.o(.text)
    Page10TowersOutRefresh                   0x0800ef41   Thumb Code   362  page10towersout.o(.text)
    Page11TowersOutConfigInquiry             0x0800f0b1   Thumb Code   210  page11towersoutconfig.o(.text)
    Page11TowersOutConfigSend                0x0800f183   Thumb Code   476  page11towersoutconfig.o(.text)
    Page11TowersOutConfigRefresh             0x0800f35f   Thumb Code   378  page11towersoutconfig.o(.text)
    Page11TowersOutConfigInit                0x0800f4d9   Thumb Code    44  page11towersoutconfig.o(.text)
    Page11TowersOutConfigProcess             0x0800f505   Thumb Code   618  page11towersoutconfig.o(.text)
    Page12S1S2ControlRefresh                 0x0800f779   Thumb Code  1358  page12s1s2control.o(.text)
    Page12S1S2ControlInit                    0x0800fcc7   Thumb Code     8  page12s1s2control.o(.text)
    Page12S1S2ControlProcess                 0x0800fccf   Thumb Code   426  page12s1s2control.o(.text)
    Page13LinkConfigTurn                     0x0800fe79   Thumb Code    96  page13linkconfig .o(.text)
    Page13LinkConfigInit                     0x0800fed9   Thumb Code    54  page13linkconfig .o(.text)
    Page13LinkConfigInsert                   0x0800ff0f   Thumb Code   224  page13linkconfig .o(.text)
    Page13LinkConfigDelete                   0x0800ffef   Thumb Code   234  page13linkconfig .o(.text)
    Page13LinkConfigRefresh                  0x080100d9   Thumb Code   654  page13linkconfig .o(.text)
    Page13LinkConfigProcess                  0x08010367   Thumb Code   956  page13linkconfig .o(.text)
    Page14W1ControlRefresh                   0x08010731   Thumb Code   274  page14w1control.o(.text)
    Page14W1ControlInit                      0x08010843   Thumb Code     8  page14w1control.o(.text)
    Page14W1ControlProcess                   0x0801084b   Thumb Code   380  page14w1control.o(.text)
    Page15W2ControlRefresh                   0x080109cd   Thumb Code  1428  page15w2control.o(.text)
    Page15W2ControlInit                      0x08010f61   Thumb Code     8  page15w2control.o(.text)
    Page15W2ControlProcess                   0x08010f69   Thumb Code   378  page15w2control.o(.text)
    Page16E1E2ControlRefresh                 0x080110e9   Thumb Code   184  page16e1e2control.o(.text)
    Page16E1E2ControlInit                    0x080111a1   Thumb Code     8  page16e1e2control.o(.text)
    Page16E1E2ControlProcess                 0x080111a9   Thumb Code   394  page16e1e2control.o(.text)
    Page17C1ControlRefresh                   0x08011335   Thumb Code  1834  page17c1control.o(.text)
    Page17C1ControlInit                      0x08011a5f   Thumb Code     8  page17c1control.o(.text)
    Page17C1ControlProcess                   0x08011a67   Thumb Code   398  page17c1control.o(.text)
    Page18C2ControlRefresh                   0x08011bf9   Thumb Code  1504  page18c2control.o(.text)
    Page18C2ControlInit                      0x080121d9   Thumb Code     8  page18c2control.o(.text)
    Page18C2ControlProcess                   0x080121e1   Thumb Code   354  page18c2control.o(.text)
    Page19N1ControlRefresh                   0x08012349   Thumb Code   208  page19n1control.o(.text)
    Page19N1ControlInit                      0x08012419   Thumb Code     8  page19n1control.o(.text)
    Page19N1ControlProcess                   0x08012421   Thumb Code   368  page19n1control.o(.text)
    Page20N2ControlRefresh                   0x08012595   Thumb Code   220  page20n2control.o(.text)
    Page20N2ControlInit                      0x08012671   Thumb Code     8  page20n2control.o(.text)
    Page20N2ControlProcess                   0x08012679   Thumb Code   378  page20n2control.o(.text)
    WirelessComm_Init                        0x080127f9   Thumb Code   148  wirelesscomm.o(.text)
    SendConfigPara                           0x0801288d   Thumb Code   228  wirelesscomm.o(.text)
    ReceiveWirelessMsg                       0x08012971   Thumb Code   424  wirelesscomm.o(.text)
    SendCommPacket                           0x08012b19   Thumb Code   280  wirelesscomm.o(.text)
    SendCommAck                              0x08012c31   Thumb Code    58  wirelesscomm.o(.text)
    AnalyseCommPacket                        0x08012c6b   Thumb Code   338  wirelesscomm.o(.text)
    WirelessCommRecv_Task                    0x08012dbd   Thumb Code   226  wirelesscomm.o(.text)
    WirelessCommSend_Task                    0x08012e9f   Thumb Code   154  wirelesscomm.o(.text)
    WirelessComm_SendData                    0x08012f39   Thumb Code   228  wirelesscomm.o(.text)
    WirelessCommRetrans_Task                 0x0801301d   Thumb Code   936  wirelesscomm.o(.text)
    WirelessApp_SendData                     0x080133c5   Thumb Code   640  wirelesscomm.o(.text)
    WirelessIntService                       0x08013645   Thumb Code   292  wirelesscomm.o(.text)
    CreateWrelessTask                        0x08013769   Thumb Code    82  wirelesscomm.o(.text)
    Wlan4GComm_Init                          0x0801380d   Thumb Code    94  wlan4gcomm.o(.text)
    Wlan4G_SetServer                         0x0801386b   Thumb Code    42  wlan4gcomm.o(.text)
    Wlan4G_Send                              0x08013895   Thumb Code    64  wlan4gcomm.o(.text)
    ConnectServer                            0x080138d5   Thumb Code   174  wlan4gcomm.o(.text)
    Wlan4GLink_Task                          0x08013983   Thumb Code  1296  wlan4gcomm.o(.text)
    CheckPktType                             0x08013e93   Thumb Code   340  wlan4gcomm.o(.text)
    Wlan4G_Transfer                          0x08013fe7   Thumb Code    84  wlan4gcomm.o(.text)
    Wlan4G_RevTransfer                       0x0801403b   Thumb Code   306  wlan4gcomm.o(.text)
    Wlan4G_AnalyseData                       0x0801416d   Thumb Code   150  wlan4gcomm.o(.text)
    Wlan4G_AnalyseFrame                      0x08014203   Thumb Code   124  wlan4gcomm.o(.text)
    Wlan4G_AnalysePkt                        0x0801427f   Thumb Code   148  wlan4gcomm.o(.text)
    Wlan4GPkt_Task                           0x08014313   Thumb Code  1052  wlan4gcomm.o(.text)
    Wlan4G_SendData                          0x0801472f   Thumb Code   350  wlan4gcomm.o(.text)
    Wlan4GSend_Task                          0x0801488d   Thumb Code   452  wlan4gcomm.o(.text)
    Send4GMessage                            0x08014a51   Thumb Code   112  wlan4gcomm.o(.text)
    Wlan4GIntService                         0x08014ac1   Thumb Code   228  wlan4gcomm.o(.text)
    CreateW4GTask                            0x08014ba5   Thumb Code    80  wlan4gcomm.o(.text)
    EraseIapInfodata                         0x08014c31   Thumb Code    16  airiap.o(.text)
    WriteIapInfo                             0x08014c41   Thumb Code   108  airiap.o(.text)
    ReadIapInfo                              0x08014cad   Thumb Code    82  airiap.o(.text)
    WriteIapdata                             0x08014cff   Thumb Code    52  airiap.o(.text)
    ReadIapdata                              0x08014d33   Thumb Code    22  airiap.o(.text)
    WriteLocalConfig                         0x08014d49   Thumb Code   100  airiap.o(.text)
    ReadLocalConfig                          0x08014dad   Thumb Code    82  airiap.o(.text)
    AskVersion                               0x08014dff   Thumb Code   200  airiap.o(.text)
    RcvVersion                               0x08014ec7   Thumb Code   146  airiap.o(.text)
    AskVerData                               0x08014f59   Thumb Code   266  airiap.o(.text)
    RcvVerData                               0x08015063   Thumb Code   104  airiap.o(.text)
    RcvAskIapInfo                            0x080150cb   Thumb Code   212  airiap.o(.text)
    RcvAskGuid                               0x0801519f   Thumb Code   300  airiap.o(.text)
    RespondConfigPara                        0x080152cb   Thumb Code   216  airiap.o(.text)
    Sys_Soft_Reset                           0x080153a3   Thumb Code     8  airiap.o(.text)
    RcvConfigPara                            0x080153ab   Thumb Code    96  airiap.o(.text)
    RespConfigPara                           0x0801540b   Thumb Code   298  airiap.o(.text)
    RcvConfigID                              0x08015535   Thumb Code    78  airiap.o(.text)
    ResetDevice                              0x08015583   Thumb Code    32  airiap.o(.text)
    RcvAdjustTime                            0x080155a3   Thumb Code   386  airiap.o(.text)
    RcvIapData                               0x08015725   Thumb Code   210  airiap.o(.text)
    AirIapReq_Task                           0x080157f7   Thumb Code   148  airiap.o(.text)
    AirIapDat_Task                           0x0801588b   Thumb Code   760  airiap.o(.text)
    CreateIapTask                            0x08015b83   Thumb Code    56  airiap.o(.text)
    ParaFlash_Init                           0x08015bbb   Thumb Code    38  airiap.o(.text)
    AirIap_Init                              0x08015be1   Thumb Code   300  airiap.o(.text)
    __2sprintf                               0x08015d0d   Thumb Code    34  noretval__2sprintf.o(.text)
    _printf_pre_padding                      0x08015d35   Thumb Code    44  _printf_pad.o(.text)
    _printf_post_padding                     0x08015d61   Thumb Code    34  _printf_pad.o(.text)
    _printf_int_dec                          0x08015d85   Thumb Code   104  _printf_dec.o(.text)
    _printf_int_hex                          0x08015dfd   Thumb Code    84  _printf_hex_int.o(.text)
    _printf_longlong_hex                     0x08015dfd   Thumb Code     0  _printf_hex_int.o(.text)
    __printf                                 0x08015e55   Thumb Code   308  __printf_flags_wp.o(.text)
    __aeabi_memcpy4                          0x08015f8d   Thumb Code     0  rt_memcpy_w.o(.text)
    __aeabi_memcpy8                          0x08015f8d   Thumb Code     0  rt_memcpy_w.o(.text)
    __rt_memcpy_w                            0x08015f8d   Thumb Code   100  rt_memcpy_w.o(.text)
    _memcpy_lastbytes_aligned                0x08015fd5   Thumb Code     0  rt_memcpy_w.o(.text)
    __aeabi_memclr                           0x08015ff1   Thumb Code     0  rt_memclr.o(.text)
    __rt_memclr                              0x08015ff1   Thumb Code    68  rt_memclr.o(.text)
    _memset                                  0x08015ff5   Thumb Code     0  rt_memclr.o(.text)
    __aeabi_memclr4                          0x08016035   Thumb Code     0  rt_memclr_w.o(.text)
    __aeabi_memclr8                          0x08016035   Thumb Code     0  rt_memclr_w.o(.text)
    __rt_memclr_w                            0x08016035   Thumb Code    78  rt_memclr_w.o(.text)
    _memset_w                                0x08016039   Thumb Code     0  rt_memclr_w.o(.text)
    __use_two_region_memory                  0x08016083   Thumb Code     2  heapauxi.o(.text)
    __rt_heap_escrow$2region                 0x08016085   Thumb Code     2  heapauxi.o(.text)
    __rt_heap_expand$2region                 0x08016087   Thumb Code     2  heapauxi.o(.text)
    _printf_int_common                       0x08016089   Thumb Code   178  _printf_intcommon.o(.text)
    _printf_char_common                      0x08016147   Thumb Code    32  _printf_char_common.o(.text)
    _sputc                                   0x0801616d   Thumb Code    10  _sputc.o(.text)
    __user_setup_stackheap                   0x08016177   Thumb Code    74  sys_stackheap_outer.o(.text)
    exit                                     0x080161c1   Thumb Code    12  exit.o(.text)
    __user_libspace                          0x080161cd   Thumb Code     8  libspace.o(.text)
    __user_perproc_libspace                  0x080161cd   Thumb Code     0  libspace.o(.text)
    __user_perthread_libspace                0x080161cd   Thumb Code     0  libspace.o(.text)
    _sys_exit                                0x080161d5   Thumb Code     8  sys_exit.o(.text)
    __I$use$semihosting                      0x080161e1   Thumb Code     0  use_no_semi.o(.text)
    __use_no_semihosting_swi                 0x080161e1   Thumb Code     2  use_no_semi.o(.text)
    __semihosting_library_function           0x080161e3   Thumb Code     0  indicate_semi.o(.text)
    _is_digit                                0x080161e3   Thumb Code    14  __printf_wp.o(i._is_digit)
    __fpl_dcmp_Inf                           0x080161f1   Thumb Code    24  dcmpi.o(x$fpl$dcmpinf)
    __aeabi_cdcmple                          0x08016209   Thumb Code     0  dleqf.o(x$fpl$dleqf)
    _dcmple                                  0x08016209   Thumb Code   120  dleqf.o(x$fpl$dleqf)
    __fpl_dcmple_InfNaN                      0x0801626b   Thumb Code     0  dleqf.o(x$fpl$dleqf)
    __fpl_dnaninf                            0x08016281   Thumb Code   156  dnaninf.o(x$fpl$dnaninf)
    __fpl_dretinf                            0x0801631d   Thumb Code    12  dretinf.o(x$fpl$dretinf)
    __aeabi_cdrcmple                         0x08016329   Thumb Code     0  drleqf.o(x$fpl$drleqf)
    _drcmple                                 0x08016329   Thumb Code   108  drleqf.o(x$fpl$drleqf)
    __aeabi_f2d                              0x08016395   Thumb Code     0  f2d.o(x$fpl$f2d)
    _f2d                                     0x08016395   Thumb Code    86  f2d.o(x$fpl$f2d)
    __aeabi_fadd                             0x080163ed   Thumb Code     0  faddsub_clz.o(x$fpl$fadd)
    _fadd                                    0x080163ed   Thumb Code   196  faddsub_clz.o(x$fpl$fadd)
    __aeabi_f2iz                             0x080164b1   Thumb Code     0  ffix.o(x$fpl$ffix)
    _ffix                                    0x080164b1   Thumb Code    54  ffix.o(x$fpl$ffix)
    __aeabi_i2f                              0x080164e9   Thumb Code     0  fflt_clz.o(x$fpl$fflt)
    _fflt                                    0x080164e9   Thumb Code    48  fflt_clz.o(x$fpl$fflt)
    __aeabi_fmul                             0x08016519   Thumb Code     0  fmul.o(x$fpl$fmul)
    _fmul                                    0x08016519   Thumb Code   258  fmul.o(x$fpl$fmul)
    __fpl_fnaninf                            0x0801661b   Thumb Code   140  fnaninf.o(x$fpl$fnaninf)
    __fpl_fretinf                            0x080166a7   Thumb Code    10  fretinf.o(x$fpl$fretinf)
    __aeabi_frsub                            0x080166b1   Thumb Code     0  faddsub_clz.o(x$fpl$frsb)
    _frsb                                    0x080166b1   Thumb Code    20  faddsub_clz.o(x$fpl$frsb)
    __aeabi_fsub                             0x080166c5   Thumb Code     0  faddsub_clz.o(x$fpl$fsub)
    _fsub                                    0x080166c5   Thumb Code   234  faddsub_clz.o(x$fpl$fsub)
    __I$use$fp                               0x080167ae   Number         0  usenofp.o(x$fpl$usenofp)
    Leap_Month_Seconds                       0x080167b0   Data          52  rtc.o(.constdata)
    Month_Seconds                            0x080167e4   Data          52  rtc.o(.constdata)
    OSUnMapTbl                               0x08016818   Data         256  os_core.o(.constdata)
    crc8table                                0x08016918   Data         256  os_wrap.o(.constdata)
    Region$$Table$$Base                      0x08016a98   Number         0  anon$$obj.o(Region$$Table)
    Region$$Table$$Limit                     0x08016ab8   Number         0  anon$$obj.o(Region$$Table)
    OSCtxSwCtr                               0x20001014   Data           4  os_core.o(.data)
    OSEventFreeList                          0x20001018   Data           4  os_core.o(.data)
    OSIntNesting                             0x2000101c   Data           1  os_core.o(.data)
    OSLockNesting                            0x2000101d   Data           1  os_core.o(.data)
    OSPrioCur                                0x2000101e   Data           1  os_core.o(.data)
    OSPrioHighRdy                            0x2000101f   Data           1  os_core.o(.data)
    OSRdyGrp                                 0x20001020   Data           1  os_core.o(.data)
    OSRdyTbl                                 0x20001021   Data           4  os_core.o(.data)
    OSRunning                                0x20001025   Data           1  os_core.o(.data)
    OSTaskCtr                                0x20001026   Data           1  os_core.o(.data)
    OSIdleCtr                                0x20001028   Data           4  os_core.o(.data)
    OSTCBCur                                 0x2000102c   Data           4  os_core.o(.data)
    OSTCBFreeList                            0x20001030   Data           4  os_core.o(.data)
    OSTCBHighRdy                             0x20001034   Data           4  os_core.o(.data)
    OSTCBList                                0x20001038   Data           4  os_core.o(.data)
    OSTickStepState                          0x2000103c   Data           1  os_core.o(.data)
    OSQFreeList                              0x20001040   Data           4  os_core.o(.data)
    OSTime                                   0x20001044   Data           4  os_core.o(.data)
    Dispatcher_Task_Handle                   0x20001048   Data           4  main.o(.data)
    DisplayCommRecv_Task_Handle              0x2000104c   Data           4  systeminit.o(.data)
    DisplayCommSend_Task_Handle              0x20001050   Data           4  systeminit.o(.data)
    ParaRefresh_Task_Handle                  0x20001054   Data           4  systeminit.o(.data)
    FoodlineControl_Task_Handle              0x20001058   Data           4  systeminit.o(.data)
    FoodlineStateMachine_Task_Handle         0x2000105c   Data           4  systeminit.o(.data)
    SysHMemLeftLen                           0x20001060   Data           2  systeminit.o(.data)
    MZOsTaskTotalNum                         0x20001062   Data           1  systeminit.o(.data)
    gNineSensorId                            0x20001064   Data           4  systeminit.o(.data)
    gUploadDeviceId                          0x20001068   Data           4  systeminit.o(.data)
    gAlarmCtrlId                             0x2000106c   Data           4  systeminit.o(.data)
    gOuterSensId                             0x20001070   Data           4  systeminit.o(.data)
    gSensorCo2Range                          0x20001074   Data           1  systeminit.o(.data)
    gLocalDeviceId                           0x20001078   Data           4  systeminit.o(.data)
    gCtrlPlatformId                          0x2000107c   Data           4  systeminit.o(.data)
    gCtrlServerIp                            0x20001080   Data           4  systeminit.o(.data)
    gCtrlServerPort                          0x20001084   Data           2  systeminit.o(.data)
    gLocalInfoFromRom                        0x20001086   Data           1  systeminit.o(.data)
    gDispatchHandler_Queue                   0x20001088   Data           4  dispatcher.o(.data)
    gDisplaySend_Queue                       0x20001094   Data           4  displayprotocol.o(.data)
    gDisplayMsg_Queue                        0x20001098   Data           4  displayprotocol.o(.data)
    gDisplayNotify_Queue                     0x2000109c   Data           4  displayprotocol.o(.data)
    gControlSend_Queue                       0x200010e8   Data           4  foodlinecontrol.o(.data)
    gControlStartRe_Queue                    0x200010ec   Data           4  foodlinecontrol.o(.data)
    gControlStopRe_Queue                     0x200010f0   Data           4  foodlinecontrol.o(.data)
    gControlSendSeq_Queue                    0x200010f4   Data           4  foodlinecontrol.o(.data)
    gControlSendNotify_Queue                 0x200010f8   Data           4  foodlinecontrol.o(.data)
    timerCommunication                       0x20001100   Data           4  foodlinecontrol.o(.data)
    NormalStopFlag                           0x20001114   Data           1  statemachine.o(.data)
    foodDownPlaceArrivalFlag                 0x20001115   Data           1  statemachine.o(.data)
    AreaW1Num                                0x20001174   Data           1  page14w1control.o(.data)
    AreaC1Num                                0x20001175   Data           1  page17c1control.o(.data)
    AreaN1Num                                0x20001176   Data           1  page19n1control.o(.data)
    WirelessForceRsts                        0x20001178   Data           1  wirelesscomm.o(.data)
    WirelessUartRsts                         0x20001179   Data           1  wirelesscomm.o(.data)
    gWirelessSend_Queue                      0x20001180   Data           4  wirelesscomm.o(.data)
    gWirelessMsg_Queue                       0x20001184   Data           4  wirelesscomm.o(.data)
    gWirelessNotify_Queue                    0x20001188   Data           4  wirelesscomm.o(.data)
    gWirelessRetrans_Queue                   0x2000118c   Data           4  wirelesscomm.o(.data)
    Wlan4GForceRsts                          0x200011c0   Data           1  wlan4gcomm.o(.data)
    Wlan4GUartRsts                           0x200011c1   Data           1  wlan4gcomm.o(.data)
    SPI_InitStructure                        0x20001218   Data          18  spi.o(.bss)
    OSEventTbl                               0x2000122c   Data         800  os_core.o(.bss)
    OSTaskIdleStk                            0x2000154c   Data         512  os_core.o(.bss)
    OSTCBPrioTbl                             0x2000174c   Data         128  os_core.o(.bss)
    OSTCBTbl                                 0x200017cc   Data        1624  os_core.o(.bss)
    OSQTbl                                   0x20001e24   Data         768  os_core.o(.bss)
    HMem                                     0x20002124   Data       24580  systeminit.o(.bss)
    MZQsTaskRecord                           0x20008128   Data         320  systeminit.o(.bss)
    Stm32DeviceID                            0x20008268   Data          12  systeminit.o(.bss)
    gDisplayMsgBody                          0x200082ac   Data        2048  displayprotocol.o(.bss)
    gDisplayMsgSend                          0x20008aac   Data        2048  displayprotocol.o(.bss)
    gDisplayMsgBodyLen                       0x200092ac   Data          16  displayprotocol.o(.bss)
    gDisplayMsgSendLen                       0x200092bc   Data          16  displayprotocol.o(.bss)
    gAllTheControlPara                       0x2000b7e8   Data        5600  parasettinglib.o(.bss)
    USimICCID                                0x2000cff0   Data          24  wlan4gcomm.o(.bss)
    __libspace_start                         0x2000d2b8   Data          96  libspace.o(.bss)
    __temporary_stack_top$libspace           0x2000d318   Data           0  libspace.o(.bss)



==============================================================================

Memory Map of the image

  Image Entry point : 0x08002931

  Load Region LR_IROM1 (Base: 0x08002800, Size: 0x000154e8, Max: 0x0003c000, ABSOLUTE, COMPRESSED[0x0001432c])

    Execution Region ER_IROM1 (Base: 0x08002800, Size: 0x000142d0, Max: 0x0003c000, ABSOLUTE)

    Base Addr    Size         Type   Attr      Idx    E Section Name        Object

    0x08002800   0x00000130   Data   RO            3    RESET               stm32f10x.o
    0x08002930   0x00000008   Code   RO         1709  * !!!main             c_w.l(__main.o)
    0x08002938   0x00000034   Code   RO         1911    !!!scatter          c_w.l(__scatter.o)
    0x0800296c   0x0000005a   Code   RO         1909    !!dczerorl2         c_w.l(__dczerorl2.o)
    0x080029c6   0x00000002   PAD
    0x080029c8   0x0000001c   Code   RO         1913    !!handler_zi        c_w.l(__scatter_zi.o)
    0x080029e4   0x00000000   Code   RO         1700    .ARM.Collect$$_printf_percent$$00000000  c_w.l(_printf_percent.o)
    0x080029e4   0x00000006   Code   RO         1699    .ARM.Collect$$_printf_percent$$00000009  c_w.l(_printf_d.o)
    0x080029ea   0x00000006   Code   RO         1698    .ARM.Collect$$_printf_percent$$0000000C  c_w.l(_printf_x.o)
    0x080029f0   0x00000004   Code   RO         1742    .ARM.Collect$$_printf_percent$$00000017  c_w.l(_printf_percent_end.o)
    0x080029f4   0x00000002   Code   RO         1780    .ARM.Collect$$libinit$$00000000  c_w.l(libinit.o)
    0x080029f6   0x00000000   Code   RO         1787    .ARM.Collect$$libinit$$00000002  c_w.l(libinit2.o)
    0x080029f6   0x00000000   Code   RO         1789    .ARM.Collect$$libinit$$00000004  c_w.l(libinit2.o)
    0x080029f6   0x00000000   Code   RO         1792    .ARM.Collect$$libinit$$0000000A  c_w.l(libinit2.o)
    0x080029f6   0x00000000   Code   RO         1794    .ARM.Collect$$libinit$$0000000C  c_w.l(libinit2.o)
    0x080029f6   0x00000000   Code   RO         1796    .ARM.Collect$$libinit$$0000000E  c_w.l(libinit2.o)
    0x080029f6   0x00000000   Code   RO         1799    .ARM.Collect$$libinit$$00000011  c_w.l(libinit2.o)
    0x080029f6   0x00000000   Code   RO         1801    .ARM.Collect$$libinit$$00000013  c_w.l(libinit2.o)
    0x080029f6   0x00000000   Code   RO         1803    .ARM.Collect$$libinit$$00000015  c_w.l(libinit2.o)
    0x080029f6   0x00000000   Code   RO         1805    .ARM.Collect$$libinit$$00000017  c_w.l(libinit2.o)
    0x080029f6   0x00000000   Code   RO         1807    .ARM.Collect$$libinit$$00000019  c_w.l(libinit2.o)
    0x080029f6   0x00000000   Code   RO         1809    .ARM.Collect$$libinit$$0000001B  c_w.l(libinit2.o)
    0x080029f6   0x00000000   Code   RO         1811    .ARM.Collect$$libinit$$0000001D  c_w.l(libinit2.o)
    0x080029f6   0x00000000   Code   RO         1813    .ARM.Collect$$libinit$$0000001F  c_w.l(libinit2.o)
    0x080029f6   0x00000000   Code   RO         1815    .ARM.Collect$$libinit$$00000021  c_w.l(libinit2.o)
    0x080029f6   0x00000000   Code   RO         1817    .ARM.Collect$$libinit$$00000023  c_w.l(libinit2.o)
    0x080029f6   0x00000000   Code   RO         1819    .ARM.Collect$$libinit$$00000025  c_w.l(libinit2.o)
    0x080029f6   0x00000000   Code   RO         1823    .ARM.Collect$$libinit$$0000002C  c_w.l(libinit2.o)
    0x080029f6   0x00000000   Code   RO         1825    .ARM.Collect$$libinit$$0000002E  c_w.l(libinit2.o)
    0x080029f6   0x00000000   Code   RO         1827    .ARM.Collect$$libinit$$00000030  c_w.l(libinit2.o)
    0x080029f6   0x00000000   Code   RO         1829    .ARM.Collect$$libinit$$00000032  c_w.l(libinit2.o)
    0x080029f6   0x00000002   Code   RO         1830    .ARM.Collect$$libinit$$00000033  c_w.l(libinit2.o)
    0x080029f8   0x00000002   Code   RO         1850    .ARM.Collect$$libshutdown$$00000000  c_w.l(libshutdown.o)
    0x080029fa   0x00000000   Code   RO         1864    .ARM.Collect$$libshutdown$$00000003  c_w.l(libshutdown2.o)
    0x080029fa   0x00000000   Code   RO         1867    .ARM.Collect$$libshutdown$$00000006  c_w.l(libshutdown2.o)
    0x080029fa   0x00000000   Code   RO         1870    .ARM.Collect$$libshutdown$$00000009  c_w.l(libshutdown2.o)
    0x080029fa   0x00000000   Code   RO         1872    .ARM.Collect$$libshutdown$$0000000B  c_w.l(libshutdown2.o)
    0x080029fa   0x00000000   Code   RO         1875    .ARM.Collect$$libshutdown$$0000000E  c_w.l(libshutdown2.o)
    0x080029fa   0x00000002   Code   RO         1876    .ARM.Collect$$libshutdown$$0000000F  c_w.l(libshutdown2.o)
    0x080029fc   0x00000000   Code   RO         1735    .ARM.Collect$$rtentry$$00000000  c_w.l(__rtentry.o)
    0x080029fc   0x00000000   Code   RO         1755    .ARM.Collect$$rtentry$$00000002  c_w.l(__rtentry2.o)
    0x080029fc   0x00000006   Code   RO         1767    .ARM.Collect$$rtentry$$00000004  c_w.l(__rtentry4.o)
    0x08002a02   0x00000000   Code   RO         1757    .ARM.Collect$$rtentry$$00000009  c_w.l(__rtentry2.o)
    0x08002a02   0x00000004   Code   RO         1758    .ARM.Collect$$rtentry$$0000000A  c_w.l(__rtentry2.o)
    0x08002a06   0x00000000   Code   RO         1760    .ARM.Collect$$rtentry$$0000000C  c_w.l(__rtentry2.o)
    0x08002a06   0x00000008   Code   RO         1761    .ARM.Collect$$rtentry$$0000000D  c_w.l(__rtentry2.o)
    0x08002a0e   0x00000002   Code   RO         1784    .ARM.Collect$$rtexit$$00000000  c_w.l(rtexit.o)
    0x08002a10   0x00000000   Code   RO         1832    .ARM.Collect$$rtexit$$00000002  c_w.l(rtexit2.o)
    0x08002a10   0x00000004   Code   RO         1833    .ARM.Collect$$rtexit$$00000003  c_w.l(rtexit2.o)
    0x08002a14   0x00000006   Code   RO         1834    .ARM.Collect$$rtexit$$00000004  c_w.l(rtexit2.o)
    0x08002a1a   0x00000002   PAD
    0x08002a1c   0x00000020   Code   RO          826    .emb_text           core_cm3.o
    0x08002a3c   0x000000a4   Code   RO            5    .text               stm32f10x.o
    0x08002ae0   0x00000858   Code   RO           11    .text               rtc.o
    0x08003338   0x00000344   Code   RO          162    .text               uart.o
    0x0800367c   0x0000019e   Code   RO          177    .text               flash.o
    0x0800381a   0x00000050   Code   RO          198    .text               delay.o
    0x0800386a   0x0000002c   Code   RO          216    .text               wdg.o
    0x08003896   0x00000002   PAD
    0x08003898   0x000000e0   Code   RO          249    .text               spi.o
    0x08003978   0x000002a0   Code   RO          397    .text               spiflash.o
    0x08003c18   0x00000640   Code   RO          415    .text               os_core.o
    0x08004258   0x000005c0   Code   RO          438    .text               os_mutex.o
    0x08004818   0x00000394   Code   RO          454    .text               os_sem.o
    0x08004bac   0x000005a8   Code   RO          466    .text               os_task.o
    0x08005154   0x000001ac   Code   RO          478    .text               os_time.o
    0x08005300   0x00000538   Code   RO          490    .text               cpu_c.o
    0x08005838   0x0000002a   Code   RO          511    .text               cpu_a.o
    0x08005862   0x00000002   PAD
    0x08005864   0x00000098   Code   RO          514    .text               os_cpu_a.o
    0x080058fc   0x000000f4   Code   RO          517    .text               os_cpu_c.o
    0x080059f0   0x000003c8   Code   RO          554    .text               os_mbox.o
    0x08005db8   0x000005d0   Code   RO          572    .text               os_q.o
    0x08006388   0x000000c0   Code   RO          591    .text               main.o
    0x08006448   0x00000398   Code   RO          609    .text               systeminit.o
    0x080067e0   0x00000084   Code   RO          668    .text               dispatcher.o
    0x08006864   0x00000ab0   Code   RO          687    .text               wirelessapp.o
    0x08007314   0x000002a0   Code   RO          703    .text               wlan4gapp.o
    0x080075b4   0x0000078c   Code   RO          734    .text               displayprotocol.o
    0x08007d40   0x0000029c   Code   RO          810    .text               stm32f10x_it.o
    0x08007fdc   0x000000dc   Code   RO          836    .text               misc.o
    0x080080b8   0x000000c4   Code   RO          866    .text               stm32f10x_bkp.o
    0x0800817c   0x000005bc   Code   RO          908    .text               stm32f10x_flash.o
    0x08008738   0x0000035c   Code   RO          938    .text               stm32f10x_gpio.o
    0x08008a94   0x000000cc   Code   RO          953    .text               stm32f10x_pwr.o
    0x08008b60   0x000003a4   Code   RO          965    .text               stm32f10x_rcc.o
    0x08008f04   0x00000148   Code   RO          982    .text               stm32f10x_rtc.o
    0x0800904c   0x0000030c   Code   RO         1009    .text               stm32f10x_spi.o
    0x08009358   0x00000408   Code   RO         1039    .text               stm32f10x_usart.o
    0x08009760   0x00000040   Code   RO         1054    .text               stm32f10x_iwdg.o
    0x080097a0   0x00000ce4   Code   RO         1066    .text               os_wrap.o
    0x0800a484   0x000002f0   Code   RO         1084    .text               displaypara.o
    0x0800a774   0x000008b4   Code   RO         1103    .text               parasettinglib.o
    0x0800b028   0x0000100a   Code   RO         1122    .text               foodlinecontrol.o
    0x0800c032   0x00000002   PAD
    0x0800c034   0x000006e0   Code   RO         1145    .text               statemachine.o
    0x0800c714   0x000007f4   Code   RO         1162    .text               page2pathconfig.o
    0x0800cf08   0x0000021c   Code   RO         1179    .text               page1flinepathconfig.o
    0x0800d124   0x00000734   Code   RO         1197    .text               page3flinedevice.o
    0x0800d858   0x00000348   Code   RO         1214    .text               page5revise.o
    0x0800dba0   0x0000043c   Code   RO         1231    .text               page6readpathconfig.o
    0x0800dfdc   0x000004b0   Code   RO         1248    .text               page7controlfline.o
    0x0800e48c   0x000003d0   Code   RO         1265    .text               page8switchvalve.o
    0x0800e85c   0x00000414   Code   RO         1282    .text               page9switchvalveconfig.o
    0x0800ec70   0x00000440   Code   RO         1299    .text               page10towersout.o
    0x0800f0b0   0x000006c8   Code   RO         1316    .text               page11towersoutconfig.o
    0x0800f778   0x00000700   Code   RO         1333    .text               page12s1s2control.o
    0x0800fe78   0x000008b8   Code   RO         1349    .text               page13linkconfig .o
    0x08010730   0x0000029c   Code   RO         1367    .text               page14w1control.o
    0x080109cc   0x0000071c   Code   RO         1385    .text               page15w2control.o
    0x080110e8   0x0000024a   Code   RO         1401    .text               page16e1e2control.o
    0x08011332   0x00000002   PAD
    0x08011334   0x000008c4   Code   RO         1417    .text               page17c1control.o
    0x08011bf8   0x00000750   Code   RO         1435    .text               page18c2control.o
    0x08012348   0x0000024c   Code   RO         1451    .text               page19n1control.o
    0x08012594   0x00000264   Code   RO         1469    .text               page20n2control.o
    0x080127f8   0x00001014   Code   RO         1485    .text               MZWireless_131.lib(wirelesscomm.o)
    0x0801380c   0x00001424   Code   RO         1585    .text               MZWlan4G_131.lib(wlan4gcomm.o)
    0x08014c30   0x000010dc   Code   RO         1611    .text               MZAirIap_132_240K.lib(airiap.o)
    0x08015d0c   0x00000028   Code   RO         1649    .text               c_w.l(noretval__2sprintf.o)
    0x08015d34   0x0000004e   Code   RO         1653    .text               c_w.l(_printf_pad.o)
    0x08015d82   0x00000002   PAD
    0x08015d84   0x00000078   Code   RO         1655    .text               c_w.l(_printf_dec.o)
    0x08015dfc   0x00000058   Code   RO         1660    .text               c_w.l(_printf_hex_int.o)
    0x08015e54   0x00000138   Code   RO         1690    .text               c_w.l(__printf_flags_wp.o)
    0x08015f8c   0x00000064   Code   RO         1701    .text               c_w.l(rt_memcpy_w.o)
    0x08015ff0   0x00000044   Code   RO         1703    .text               c_w.l(rt_memclr.o)
    0x08016034   0x0000004e   Code   RO         1705    .text               c_w.l(rt_memclr_w.o)
    0x08016082   0x00000006   Code   RO         1707    .text               c_w.l(heapauxi.o)
    0x08016088   0x000000b2   Code   RO         1736    .text               c_w.l(_printf_intcommon.o)
    0x0801613a   0x00000002   PAD
    0x0801613c   0x00000030   Code   RO         1738    .text               c_w.l(_printf_char_common.o)
    0x0801616c   0x0000000a   Code   RO         1740    .text               c_w.l(_sputc.o)
    0x08016176   0x0000004a   Code   RO         1771    .text               c_w.l(sys_stackheap_outer.o)
    0x080161c0   0x0000000c   Code   RO         1773    .text               c_w.l(exit.o)
    0x080161cc   0x00000008   Code   RO         1781    .text               c_w.l(libspace.o)
    0x080161d4   0x0000000c   Code   RO         1842    .text               c_w.l(sys_exit.o)
    0x080161e0   0x00000002   Code   RO         1853    .text               c_w.l(use_no_semi.o)
    0x080161e2   0x00000000   Code   RO         1855    .text               c_w.l(indicate_semi.o)
    0x080161e2   0x0000000e   Code   RO         1688    i._is_digit         c_w.l(__printf_wp.o)
    0x080161f0   0x00000018   Code   RO         1743    x$fpl$dcmpinf       fz_ws.l(dcmpi.o)
    0x08016208   0x00000078   Code   RO         1711    x$fpl$dleqf         fz_ws.l(dleqf.o)
    0x08016280   0x0000009c   Code   RO         1745    x$fpl$dnaninf       fz_ws.l(dnaninf.o)
    0x0801631c   0x0000000c   Code   RO         1747    x$fpl$dretinf       fz_ws.l(dretinf.o)
    0x08016328   0x0000006c   Code   RO         1713    x$fpl$drleqf        fz_ws.l(drleqf.o)
    0x08016394   0x00000056   Code   RO         1715    x$fpl$f2d           fz_ws.l(f2d.o)
    0x080163ea   0x00000002   PAD
    0x080163ec   0x000000c4   Code   RO         1717    x$fpl$fadd          fz_ws.l(faddsub_clz.o)
    0x080164b0   0x00000036   Code   RO         1723    x$fpl$ffix          fz_ws.l(ffix.o)
    0x080164e6   0x00000002   PAD
    0x080164e8   0x00000030   Code   RO         1728    x$fpl$fflt          fz_ws.l(fflt_clz.o)
    0x08016518   0x00000102   Code   RO         1733    x$fpl$fmul          fz_ws.l(fmul.o)
    0x0801661a   0x0000008c   Code   RO         1749    x$fpl$fnaninf       fz_ws.l(fnaninf.o)
    0x080166a6   0x0000000a   Code   RO         1751    x$fpl$fretinf       fz_ws.l(fretinf.o)
    0x080166b0   0x00000014   Code   RO         1718    x$fpl$frsb          fz_ws.l(faddsub_clz.o)
    0x080166c4   0x000000ea   Code   RO         1719    x$fpl$fsub          fz_ws.l(faddsub_clz.o)
    0x080167ae   0x00000000   Code   RO         1753    x$fpl$usenofp       fz_ws.l(usenofp.o)
    0x080167ae   0x00000002   PAD
    0x080167b0   0x00000068   Data   RO           12    .constdata          rtc.o
    0x08016818   0x00000100   Data   RO          417    .constdata          os_core.o
    0x08016918   0x00000100   Data   RO         1068    .constdata          os_wrap.o
    0x08016a18   0x00000044   Data   RO         1587    .constdata          MZWlan4G_131.lib(wlan4gcomm.o)
    0x08016a5c   0x00000028   Data   RO         1661    .constdata          c_w.l(_printf_hex_int.o)
    0x08016a84   0x00000011   Data   RO         1691    .constdata          c_w.l(__printf_flags_wp.o)
    0x08016a95   0x00000003   PAD
    0x08016a98   0x00000020   Data   RO         1907    Region$$Table       anon$$obj.o
    0x08016ab8   0x00000017   Data   RO            4    STKV                stm32f10x.o


    Execution Region RW_IRAM1 (Base: 0x20000000, Size: 0x0000d318, Max: 0x00010000, ABSOLUTE, COMPRESSED[0x0000005c])

    Base Addr    Size         Type   Attr      Idx    E Section Name        Object

    0x20000000   0x00001000   Data   RW            1    .ARM.__AT_0x20000000  stm32f10x.o
    0x20001000   0x00000014   Data   RW           13    .data               rtc.o
    0x20001014   0x00000034   Data   RW          418    .data               os_core.o
    0x20001048   0x00000004   Data   RW          592    .data               main.o
    0x2000104c   0x0000003b   Data   RW          611    .data               systeminit.o
    0x20001087   0x00000001   PAD
    0x20001088   0x00000008   Data   RW          669    .data               dispatcher.o
    0x20001090   0x00000002   Data   RW          689    .data               wirelessapp.o
    0x20001092   0x00000002   PAD
    0x20001094   0x0000000d   Data   RW          736    .data               displayprotocol.o
    0x200010a1   0x00000006   Data   RW          812    .data               stm32f10x_it.o
    0x200010a7   0x00000014   Data   RW          966    .data               stm32f10x_rcc.o
    0x200010bb   0x00000001   PAD
    0x200010bc   0x00000008   Data   RW         1069    .data               os_wrap.o
    0x200010c4   0x00000002   Data   RW         1085    .data               displaypara.o
    0x200010c6   0x00000002   PAD
    0x200010c8   0x0000001d   Data   RW         1105    .data               parasettinglib.o
    0x200010e5   0x00000003   PAD
    0x200010e8   0x0000002a   Data   RW         1124    .data               foodlinecontrol.o
    0x20001112   0x00000002   PAD
    0x20001114   0x0000000c   Data   RW         1147    .data               statemachine.o
    0x20001120   0x00000003   Data   RW         1163    .data               page2pathconfig.o
    0x20001123   0x00000002   Data   RW         1181    .data               page1flinepathconfig.o
    0x20001125   0x00000003   PAD
    0x20001128   0x00000009   Data   RW         1198    .data               page3flinedevice.o
    0x20001131   0x00000003   PAD
    0x20001134   0x0000000c   Data   RW         1215    .data               page5revise.o
    0x20001140   0x00000002   Data   RW         1232    .data               page6readpathconfig.o
    0x20001142   0x00000002   PAD
    0x20001144   0x00000006   Data   RW         1249    .data               page7controlfline.o
    0x2000114a   0x00000002   PAD
    0x2000114c   0x00000006   Data   RW         1266    .data               page8switchvalve.o
    0x20001152   0x00000002   PAD
    0x20001154   0x00000009   Data   RW         1283    .data               page9switchvalveconfig.o
    0x2000115d   0x00000003   PAD
    0x20001160   0x00000006   Data   RW         1300    .data               page10towersout.o
    0x20001166   0x00000002   PAD
    0x20001168   0x00000009   Data   RW         1317    .data               page11towersoutconfig.o
    0x20001171   0x00000003   Data   RW         1350    .data               page13linkconfig .o
    0x20001174   0x00000001   Data   RW         1368    .data               page14w1control.o
    0x20001175   0x00000001   Data   RW         1418    .data               page17c1control.o
    0x20001176   0x00000001   Data   RW         1452    .data               page19n1control.o
    0x20001177   0x00000001   PAD
    0x20001178   0x00000034   Data   RW         1487    .data               MZWireless_131.lib(wirelesscomm.o)
    0x200011ac   0x00000038   Data   RW         1588    .data               MZWlan4G_131.lib(wlan4gcomm.o)
    0x200011e4   0x00000034   Data   RW         1613    .data               MZAirIap_132_240K.lib(airiap.o)
    0x20001218   0x00000012   Zero   RW          250    .bss                spi.o
    0x2000122a   0x00000002   PAD
    0x2000122c   0x00000ef8   Zero   RW          416    .bss                os_core.o
    0x20002124   0x00006162   Zero   RW          610    .bss                systeminit.o
    0x20008286   0x00000002   PAD
    0x20008288   0x00000024   Zero   RW          688    .bss                wirelessapp.o
    0x200082ac   0x00001020   Zero   RW          735    .bss                displayprotocol.o
    0x200092cc   0x00000080   Zero   RW          811    .bss                stm32f10x_it.o
    0x2000934c   0x00000400   Zero   RW         1067    .bss                os_wrap.o
    0x2000974c   0x000036be   Zero   RW         1104    .bss                parasettinglib.o
    0x2000ce0a   0x00000002   PAD
    0x2000ce0c   0x0000004c   Zero   RW         1123    .bss                foodlinecontrol.o
    0x2000ce58   0x00000040   Zero   RW         1146    .bss                statemachine.o
    0x2000ce98   0x00000050   Zero   RW         1180    .bss                page1flinepathconfig.o
    0x2000cee8   0x00000108   Zero   RW         1486    .bss                MZWireless_131.lib(wirelesscomm.o)
    0x2000cff0   0x00000234   Zero   RW         1586    .bss                MZWlan4G_131.lib(wlan4gcomm.o)
    0x2000d224   0x00000094   Zero   RW         1612    .bss                MZAirIap_132_240K.lib(airiap.o)
    0x2000d2b8   0x00000060   Zero   RW         1782    .bss                c_w.l(libspace.o)
    0x2000d318   0x00000000   Zero   RW            2    HEAP                stm32f10x.o


==============================================================================

Image component sizes


      Code (inc. data)   RO Data    RW Data    ZI Data      Debug   Object Name

        32          0          0          0          0        540   core_cm3.o
        42          0          0          0          0        276   cpu_a.o
      1336         88          0          0          0      10299   cpu_c.o
        80          0          0          0          0        615   delay.o
       132         20          0          8          0       1099   dispatcher.o
       752         54          0          2          0       2846   displaypara.o
      1932         68          0         13       4128      10904   displayprotocol.o
       414          0          0          0          0       5526   flash.o
      4106        146          0         42         76       9686   foodlinecontrol.o
       192         20          0          4          0        899   main.o
       220         22          0          0          0       3457   misc.o
      1600        120        256         52       3832      14591   os_core.o
       152         30          0          0          0        316   os_cpu_a.o
       244          6          0          0          0       2545   os_cpu_c.o
       968         16          0          0          0       4050   os_mbox.o
      1472         42          0          0          0      12572   os_mutex.o
      1488         28          0          0          0       5417   os_q.o
       916         18          0          0          0       3798   os_sem.o
      1448         64          0          0          0       5010   os_task.o
       428         26          0          0          0       1798   os_time.o
      3300         68        256          8       1024      15683   os_wrap.o
      1088         26          0          6          0       2283   page10towersout.o
      1736         32          0          9          0       2657   page11towersoutconfig.o
      1792          0          0          0          0       2283   page12s1s2control.o
      2232         28          0          3          0       3051   page13linkconfig .o
       668          6          0          1          0       1960   page14w1control.o
      1820         12          0          0          0       2228   page15w2control.o
       586          0          0          0          0       1779   page16e1e2control.o
      2244          4          0          1          0       2592   page17c1control.o
      1872         10          0          0          0       2236   page18c2control.o
       588          4          0          1          0       1920   page19n1control.o
       540         22          0          2         80       2775   page1flinepathconfig.o
       612          6          0          0          0       1720   page20n2control.o
      2036         32          0          3          0       3300   page2pathconfig.o
      1844         30          0          9          0       2618   page3flinedevice.o
       840         22          0         12          0       1956   page5revise.o
      1084         16          0          2          0       2290   page6readpathconfig.o
      1200         24          0          6          0       2331   page7controlfline.o
       976         20          0          6          0       2272   page8switchvalve.o
      1044         22          0          9          0       2418   page9switchvalveconfig.o
      2228         84          0         29      14014      13276   parasettinglib.o
      2136         86        104         20          0     239560   rtc.o
       224         12          0          0         18     228637   spi.o
       672         12          0          0          0       3741   spiflash.o
      1760        114          0         12         64       5694   statemachine.o
       164         50        327       4096          0        500   stm32f10x.o
       196          8          0          0          0       3424   stm32f10x_bkp.o
      1468         34          0          0          0      14358   stm32f10x_flash.o
       860         38          0          0          0      13993   stm32f10x_gpio.o
       668         44          0          6        128       9145   stm32f10x_it.o
        64          6          0          0          0       1249   stm32f10x_iwdg.o
       204         14          0          0          0       1899   stm32f10x_pwr.o
       932         36          0         20          0      17536   stm32f10x_rcc.o
       328          4          0          0          0       2650   stm32f10x_rtc.o
       780         14          0          0          0      13422   stm32f10x_spi.o
      1032         22          0          0          0      14396   stm32f10x_usart.o
       920        172          0         59      24930       5666   systeminit.o
         0          0          0          0          0      24820   time.o
       836         38          0          0          0       2074   uart.o
        44          0          0          0          0        622   wdg.o
      2736         64          0          2         36       5574   wirelessapp.o
       672         24          0          0          0       2406   wlan4gapp.o

    ----------------------------------------------------------------------
     64988       2028        976       4472      48336     781238   Object Totals
         0          0         32          0          0          0   (incl. Generated)
         8          0          1         29          6          0   (incl. Padding)

    ----------------------------------------------------------------------

      Code (inc. data)   RO Data    RW Data    ZI Data      Debug   Library Member Name

      4316        250          0         52        148      13720   airiap.o
      4116        234          0         52        264     232972   wirelesscomm.o
      5156        534         68         56        564      11485   wlan4gcomm.o
        90          0          0          0          0          0   __dczerorl2.o
         8          0          0          0          0         68   __main.o
       312          4         17          0          0         92   __printf_flags_wp.o
        14          0          0          0          0         68   __printf_wp.o
         0          0          0          0          0          0   __rtentry.o
        12          0          0          0          0          0   __rtentry2.o
         6          0          0          0          0          0   __rtentry4.o
        52          8          0          0          0          0   __scatter.o
        28          0          0          0          0          0   __scatter_zi.o
        48          6          0          0          0         96   _printf_char_common.o
         6          0          0          0          0          0   _printf_d.o
       120         16          0          0          0         92   _printf_dec.o
        88          4         40          0          0         88   _printf_hex_int.o
       178          0          0          0          0         88   _printf_intcommon.o
        78          0          0          0          0        108   _printf_pad.o
         0          0          0          0          0          0   _printf_percent.o
         4          0          0          0          0          0   _printf_percent_end.o
         6          0          0          0          0          0   _printf_x.o
        10          0          0          0          0         68   _sputc.o
        12          0          0          0          0         72   exit.o
         6          0          0          0          0        152   heapauxi.o
         0          0          0          0          0          0   indicate_semi.o
         2          0          0          0          0          0   libinit.o
         2          0          0          0          0          0   libinit2.o
         2          0          0          0          0          0   libshutdown.o
         2          0          0          0          0          0   libshutdown2.o
         8          4          0          0         96         68   libspace.o
        40          6          0          0          0         84   noretval__2sprintf.o
        68          0          0          0          0         68   rt_memclr.o
        78          0          0          0          0         80   rt_memclr_w.o
       100          0          0          0          0         80   rt_memcpy_w.o
         2          0          0          0          0          0   rtexit.o
        10          0          0          0          0          0   rtexit2.o
        12          4          0          0          0         68   sys_exit.o
        74          0          0          0          0         80   sys_stackheap_outer.o
         2          0          0          0          0         68   use_no_semi.o
        24          0          0          0          0         68   dcmpi.o
       120          4          0          0          0         92   dleqf.o
       156          4          0          0          0         92   dnaninf.o
        12          0          0          0          0         68   dretinf.o
       108          0          0          0          0         80   drleqf.o
        86          4          0          0          0         84   f2d.o
       450          8          0          0          0        236   faddsub_clz.o
        54          4          0          0          0         84   ffix.o
        48          0          0          0          0         68   fflt_clz.o
       258          4          0          0          0         84   fmul.o
       140          4          0          0          0         84   fnaninf.o
        10          0          0          0          0         68   fretinf.o
         0          0          0          0          0          0   usenofp.o

    ----------------------------------------------------------------------
     16548       1102        128        160       1072     260873   Library Totals
        14          0          3          0          0          0   (incl. Padding)

    ----------------------------------------------------------------------

      Code (inc. data)   RO Data    RW Data    ZI Data      Debug   Library Name

      4316        250          0         52        148      13720   MZAirIap_132_240K.lib
      4116        234          0         52        264     232972   MZWireless_131.lib
      5156        534         68         56        564      11485   MZWlan4G_131.lib
      1480         52         57          0         96       1588   c_w.l
      1466         32          0          0          0       1108   fz_ws.l

    ----------------------------------------------------------------------
     16548       1102        128        160       1072     260873   Library Totals

    ----------------------------------------------------------------------

==============================================================================


      Code (inc. data)   RO Data    RW Data    ZI Data      Debug   

     81536       3130       1104       4632      49408    1035347   Grand Totals
     81536       3130       1104         92      49408    1035347   ELF Image Totals (compressed)
     81536       3130       1104         92          0          0   ROM Totals

==============================================================================

    Total RO  Size (Code + RO Data)                82640 (  80.70kB)
    Total RW  Size (RW Data + ZI Data)             54040 (  52.77kB)
    Total ROM Size (Code + RO Data + RW Data)      82732 (  80.79kB)

==============================================================================

